Archive member included to satisfy reference by file (symbol)

/opt/Atollic_TrueSTUDIO_for_STM32_x86_64_9.3.0/ARMTools/bin/../lib/gcc/arm-atollic-eabi/6.3.1/../../../../arm-atollic-eabi/lib/armv7e-m/fpu/libc_nano.a(lib_a-errno.o)
                              Src/syscalls.o (__errno)
/opt/Atollic_TrueSTUDIO_for_STM32_x86_64_9.3.0/ARMTools/bin/../lib/gcc/arm-atollic-eabi/6.3.1/../../../../arm-atollic-eabi/lib/armv7e-m/fpu/libc_nano.a(lib_a-impure.o)
                              /opt/Atollic_TrueSTUDIO_for_STM32_x86_64_9.3.0/ARMTools/bin/../lib/gcc/arm-atollic-eabi/6.3.1/../../../../arm-atollic-eabi/lib/armv7e-m/fpu/libc_nano.a(lib_a-errno.o) (_impure_ptr)
/opt/Atollic_TrueSTUDIO_for_STM32_x86_64_9.3.0/ARMTools/bin/../lib/gcc/arm-atollic-eabi/6.3.1/../../../../arm-atollic-eabi/lib/armv7e-m/fpu/libc_nano.a(lib_a-init.o)
                              startup/startup_stm32f429xx.o (__libc_init_array)
/opt/Atollic_TrueSTUDIO_for_STM32_x86_64_9.3.0/ARMTools/bin/../lib/gcc/arm-atollic-eabi/6.3.1/../../../../arm-atollic-eabi/lib/armv7e-m/fpu/libc_nano.a(lib_a-memcpy-stub.o)
                              Middlewares/Third_Party/FreeRTOS/Source/queue.o (memcpy)
/opt/Atollic_TrueSTUDIO_for_STM32_x86_64_9.3.0/ARMTools/bin/../lib/gcc/arm-atollic-eabi/6.3.1/../../../../arm-atollic-eabi/lib/armv7e-m/fpu/libc_nano.a(lib_a-memset.o)
                              Middlewares/Third_Party/FreeRTOS/Source/stream_buffer.o (memset)
/opt/Atollic_TrueSTUDIO_for_STM32_x86_64_9.3.0/ARMTools/bin/../lib/gcc/arm-atollic-eabi/6.3.1/../../../../arm-atollic-eabi/lib/armv7e-m/fpu/libc_nano.a(lib_a-strlen.o)
                              Src/tiny_printf.o (strlen)
/opt/Atollic_TrueSTUDIO_for_STM32_x86_64_9.3.0/ARMTools/bin/../lib/gcc/arm-atollic-eabi/6.3.1/armv7e-m/fpu/libgcc.a(_aeabi_uldivmod.o)
                              Drivers/STM32F4xx_HAL_Driver/Src/stm32f4xx_hal_rcc.o (__aeabi_uldivmod)
/opt/Atollic_TrueSTUDIO_for_STM32_x86_64_9.3.0/ARMTools/bin/../lib/gcc/arm-atollic-eabi/6.3.1/armv7e-m/fpu/libgcc.a(_udivmoddi4.o)
                              /opt/Atollic_TrueSTUDIO_for_STM32_x86_64_9.3.0/ARMTools/bin/../lib/gcc/arm-atollic-eabi/6.3.1/armv7e-m/fpu/libgcc.a(_aeabi_uldivmod.o) (__udivmoddi4)
/opt/Atollic_TrueSTUDIO_for_STM32_x86_64_9.3.0/ARMTools/bin/../lib/gcc/arm-atollic-eabi/6.3.1/armv7e-m/fpu/libgcc.a(_dvmd_tls.o)
                              /opt/Atollic_TrueSTUDIO_for_STM32_x86_64_9.3.0/ARMTools/bin/../lib/gcc/arm-atollic-eabi/6.3.1/armv7e-m/fpu/libgcc.a(_aeabi_uldivmod.o) (__aeabi_ldiv0)

Allocating common symbols
Common symbol       size              file

defaultTaskHandle   0x4               Src/freertos.o
htim8               0x40              Src/stm32f4xx_hal_timebase_tim.o
heures              0x1               Src/adc.o
huart3              0x40              Src/usart.o
hi2c1               0x54              Src/i2c.o
hpcd_USB_OTG_FS     0x408             Src/usb_otg.o
secondes            0x1               Src/adc.o
uwTick              0x4               Drivers/STM32F4xx_HAL_Driver/Src/stm32f4xx_hal.o
xQueueRegistry      0x40              Middlewares/Third_Party/FreeRTOS/Source/queue.o
pFlash              0x20              Drivers/STM32F4xx_HAL_Driver/Src/stm32f4xx_hal_flash.o
hadc1               0x48              Src/adc.o
g_appui_touche      0x4               Src/adc.o
myTask02Handle      0x4               Src/freertos.o
appui_touche        0x4               Src/freertos.o
mode_reglage        0x4               Src/adc.o
heth                0x48              Src/eth.o
minutes             0x1               Src/adc.o

Discarded input sections

 .text          0x0000000000000000        0x0 /opt/Atollic_TrueSTUDIO_for_STM32_x86_64_9.3.0/ARMTools/bin/../lib/gcc/arm-atollic-eabi/6.3.1/armv7e-m/fpu/crti.o
 .data          0x0000000000000000        0x0 /opt/Atollic_TrueSTUDIO_for_STM32_x86_64_9.3.0/ARMTools/bin/../lib/gcc/arm-atollic-eabi/6.3.1/armv7e-m/fpu/crti.o
 .bss           0x0000000000000000        0x0 /opt/Atollic_TrueSTUDIO_for_STM32_x86_64_9.3.0/ARMTools/bin/../lib/gcc/arm-atollic-eabi/6.3.1/armv7e-m/fpu/crti.o
 .data          0x0000000000000000        0x4 /opt/Atollic_TrueSTUDIO_for_STM32_x86_64_9.3.0/ARMTools/bin/../lib/gcc/arm-atollic-eabi/6.3.1/armv7e-m/fpu/crtbegin.o
 .text          0x0000000000000000        0x0 Drivers/STM32F4xx_HAL_Driver/Src/stm32f4xx_hal.o
 .data          0x0000000000000000        0x0 Drivers/STM32F4xx_HAL_Driver/Src/stm32f4xx_hal.o
 .bss           0x0000000000000000        0x0 Drivers/STM32F4xx_HAL_Driver/Src/stm32f4xx_hal.o
 .text.HAL_MspInit
                0x0000000000000000        0x2 Drivers/STM32F4xx_HAL_Driver/Src/stm32f4xx_hal.o
 .text.HAL_MspDeInit
                0x0000000000000000        0x2 Drivers/STM32F4xx_HAL_Driver/Src/stm32f4xx_hal.o
 .text.HAL_DeInit
                0x0000000000000000       0x2c Drivers/STM32F4xx_HAL_Driver/Src/stm32f4xx_hal.o
 .text.HAL_InitTick
                0x0000000000000000       0x48 Drivers/STM32F4xx_HAL_Driver/Src/stm32f4xx_hal.o
[...]
Memory Configuration

Name             Origin             Length             Attributes
RAM              0x0000000020000000 0x0000000000030000 xrw
CCMRAM           0x0000000010000000 0x0000000000010000 rw
FLASH            0x0000000008000000 0x0000000000200000 xr
*default*        0x0000000000000000 0xffffffffffffffff

Linker script and memory map

LOAD /opt/Atollic_TrueSTUDIO_for_STM32_x86_64_9.3.0/ARMTools/bin/../lib/gcc/arm-atollic-eabi/6.3.1/armv7e-m/fpu/crti.o
LOAD /opt/Atollic_TrueSTUDIO_for_STM32_x86_64_9.3.0/ARMTools/bin/../lib/gcc/arm-atollic-eabi/6.3.1/armv7e-m/fpu/crtbegin.o
LOAD Drivers/STM32F4xx_HAL_Driver/Src/stm32f4xx_hal.o
LOAD Drivers/STM32F4xx_HAL_Driver/Src/stm32f4xx_hal_adc.o
LOAD Drivers/STM32F4xx_HAL_Driver/Src/stm32f4xx_hal_adc_ex.o
LOAD Drivers/STM32F4xx_HAL_Driver/Src/stm32f4xx_hal_cortex.o
LOAD Drivers/STM32F4xx_HAL_Driver/Src/stm32f4xx_hal_dma.o
LOAD Drivers/STM32F4xx_HAL_Driver/Src/stm32f4xx_hal_dma_ex.o
LOAD Drivers/STM32F4xx_HAL_Driver/Src/stm32f4xx_hal_eth.o
LOAD Drivers/STM32F4xx_HAL_Driver/Src/stm32f4xx_hal_exti.o
LOAD Drivers/STM32F4xx_HAL_Driver/Src/stm32f4xx_hal_flash.o
LOAD Drivers/STM32F4xx_HAL_Driver/Src/stm32f4xx_hal_flash_ex.o
LOAD Drivers/STM32F4xx_HAL_Driver/Src/stm32f4xx_hal_flash_ramfunc.o
LOAD Drivers/STM32F4xx_HAL_Driver/Src/stm32f4xx_hal_gpio.o
LOAD Drivers/STM32F4xx_HAL_Driver/Src/stm32f4xx_hal_i2c.o
LOAD Drivers/STM32F4xx_HAL_Driver/Src/stm32f4xx_hal_i2c_ex.o
LOAD Drivers/STM32F4xx_HAL_Driver/Src/stm32f4xx_hal_pcd.o
LOAD Drivers/STM32F4xx_HAL_Driver/Src/stm32f4xx_hal_pcd_ex.o
LOAD Drivers/STM32F4xx_HAL_Driver/Src/stm32f4xx_hal_pwr.o
LOAD Drivers/STM32F4xx_HAL_Driver/Src/stm32f4xx_hal_pwr_ex.o
LOAD Drivers/STM32F4xx_HAL_Driver/Src/stm32f4xx_hal_rcc.o
LOAD Drivers/STM32F4xx_HAL_Driver/Src/stm32f4xx_hal_rcc_ex.o
LOAD Drivers/STM32F4xx_HAL_Driver/Src/stm32f4xx_hal_tim.o
LOAD Drivers/STM32F4xx_HAL_Driver/Src/stm32f4xx_hal_tim_ex.o
LOAD Drivers/STM32F4xx_HAL_Driver/Src/stm32f4xx_hal_uart.o
LOAD Drivers/STM32F4xx_HAL_Driver/Src/stm32f4xx_ll_usb.o
LOAD Middlewares/Third_Party/FreeRTOS/Source/CMSIS_RTOS/cmsis_os.o
LOAD Middlewares/Third_Party/FreeRTOS/Source/croutine.o
LOAD Middlewares/Third_Party/FreeRTOS/Source/event_groups.o
LOAD Middlewares/Third_Party/FreeRTOS/Source/list.o
LOAD Middlewares/Third_Party/FreeRTOS/Source/portable/GCC/ARM_CM4F/port.o
LOAD Middlewares/Third_Party/FreeRTOS/Source/portable/MemMang/heap_4.o
LOAD Middlewares/Third_Party/FreeRTOS/Source/queue.o
LOAD Middlewares/Third_Party/FreeRTOS/Source/stream_buffer.o
LOAD Middlewares/Third_Party/FreeRTOS/Source/tasks.o
LOAD Middlewares/Third_Party/FreeRTOS/Source/timers.o
LOAD Src/adc.o
LOAD Src/decim_to_bin.o
LOAD Src/eth.o
LOAD Src/freertos.o
LOAD Src/gpio.o
LOAD Src/i2c.o
LOAD Src/main.o
LOAD Src/malloc.o
LOAD Src/stm32f4xx_hal_msp.o
LOAD Src/stm32f4xx_hal_timebase_tim.o
LOAD Src/stm32f4xx_it.o
LOAD Src/syscalls.o
LOAD Src/system_stm32f4xx.o
LOAD Src/tiny_printf.o
LOAD Src/usart.o
LOAD Src/usb_otg.o
LOAD startup/startup_stm32f429xx.o
                0x0000000000000080                malloc_getpagesize_P = 0x80
START GROUP
LOAD /opt/Atollic_TrueSTUDIO_for_STM32_x86_64_9.3.0/ARMTools/bin/../lib/gcc/arm-atollic-eabi/6.3.1/../../../../arm-atollic-eabi/lib/armv7e-m/fpu/libc_nano.a
LOAD /opt/Atollic_TrueSTUDIO_for_STM32_x86_64_9.3.0/ARMTools/bin/../lib/gcc/arm-atollic-eabi/6.3.1/../../../../arm-atollic-eabi/lib/armv7e-m/fpu/libm.a
END GROUP
START GROUP
LOAD /opt/Atollic_TrueSTUDIO_for_STM32_x86_64_9.3.0/ARMTools/bin/../lib/gcc/arm-atollic-eabi/6.3.1/armv7e-m/fpu/libgcc.a
LOAD /opt/Atollic_TrueSTUDIO_for_STM32_x86_64_9.3.0/ARMTools/bin/../lib/gcc/arm-atollic-eabi/6.3.1/../../../../arm-atollic-eabi/lib/armv7e-m/fpu/libc_nano.a
END GROUP
START GROUP
LOAD /opt/Atollic_TrueSTUDIO_for_STM32_x86_64_9.3.0/ARMTools/bin/../lib/gcc/arm-atollic-eabi/6.3.1/armv7e-m/fpu/libgcc.a
LOAD /opt/Atollic_TrueSTUDIO_for_STM32_x86_64_9.3.0/ARMTools/bin/../lib/gcc/arm-atollic-eabi/6.3.1/../../../../arm-atollic-eabi/lib/armv7e-m/fpu/libc_nano.a
LOAD /opt/Atollic_TrueSTUDIO_for_STM32_x86_64_9.3.0/ARMTools/bin/../lib/gcc/arm-atollic-eabi/6.3.1/../../../../arm-atollic-eabi/lib/armv7e-m/fpu/libnosys.a
END GROUP
START GROUP
LOAD /opt/Atollic_TrueSTUDIO_for_STM32_x86_64_9.3.0/ARMTools/bin/../lib/gcc/arm-atollic-eabi/6.3.1/armv7e-m/fpu/libgcc.a
LOAD /opt/Atollic_TrueSTUDIO_for_STM32_x86_64_9.3.0/ARMTools/bin/../lib/gcc/arm-atollic-eabi/6.3.1/../../../../arm-atollic-eabi/lib/armv7e-m/fpu/libc_nano.a
LOAD /opt/Atollic_TrueSTUDIO_for_STM32_x86_64_9.3.0/ARMTools/bin/../lib/gcc/arm-atollic-eabi/6.3.1/../../../../arm-atollic-eabi/lib/armv7e-m/fpu/libnosys.a
END GROUP
LOAD /opt/Atollic_TrueSTUDIO_for_STM32_x86_64_9.3.0/ARMTools/bin/../lib/gcc/arm-atollic-eabi/6.3.1/armv7e-m/fpu/crtend.o
LOAD /opt/Atollic_TrueSTUDIO_for_STM32_x86_64_9.3.0/ARMTools/bin/../lib/gcc/arm-atollic-eabi/6.3.1/armv7e-m/fpu/crtn.o
                0x0000000020030000                _estack = 0x20030000
                0x0000000000000200                _Min_Heap_Size = 0x200
                0x0000000000000400                _Min_Stack_Size = 0x400

.isr_vector     0x0000000008000000      0x1ac
                0x0000000008000000                . = ALIGN (0x4)
 *(.isr_vector)
 .isr_vector    0x0000000008000000      0x1ac startup/startup_stm32f429xx.o
                0x0000000008000000                g_pfnVectors
                0x00000000080001ac                . = ALIGN (0x4)

.text           0x00000000080001b0     0x3e38
                0x00000000080001b0                . = ALIGN (0x4)
 *(.text)
 .text          0x00000000080001b0       0x40 /opt/Atollic_TrueSTUDIO_for_STM32_x86_64_9.3.0/ARMTools/bin/../lib/gcc/arm-atollic-eabi/6.3.1/armv7e-m/fpu/crtbegin.o
 .text          0x00000000080001f0       0x10 /opt/Atollic_TrueSTUDIO_for_STM32_x86_64_9.3.0/ARMTools/bin/../lib/gcc/arm-atollic-eabi/6.3.1/../../../../arm-atollic-eabi/lib/armv7e-m/fpu/libc_nano.a(lib_a-strlen.o)
                0x00000000080001f0                strlen
 .text          0x0000000008000200       0x30 /opt/Atollic_TrueSTUDIO_for_STM32_x86_64_9.3.0/ARMTools/bin/../lib/gcc/arm-atollic-eabi/6.3.1/armv7e-m/fpu/libgcc.a(_aeabi_uldivmod.o)
                0x0000000008000200                __aeabi_uldivmod
 .text          0x0000000008000230      0x2dc /opt/Atollic_TrueSTUDIO_for_STM32_x86_64_9.3.0/ARMTools/bin/../lib/gcc/arm-atollic-eabi/6.3.1/armv7e-m/fpu/libgcc.a(_udivmoddi4.o)
                0x0000000008000230                __udivmoddi4
 .text          0x000000000800050c        0x4 /opt/Atollic_TrueSTUDIO_for_STM32_x86_64_9.3.0/ARMTools/bin/../lib/gcc/arm-atollic-eabi/6.3.1/armv7e-m/fpu/libgcc.a(_dvmd_tls.o)
                0x000000000800050c                __aeabi_ldiv0
                0x000000000800050c                __aeabi_idiv0
 *(.text*)
 .text.HAL_Init
                0x0000000008000510       0x34 Drivers/STM32F4xx_HAL_Driver/Src/stm32f4xx_hal.o
                0x0000000008000510                HAL_Init
 .text.HAL_IncTick
                0x0000000008000544       0x18 Drivers/STM32F4xx_HAL_Driver/Src/stm32f4xx_hal.o
                0x0000000008000544                HAL_IncTick
 .text.HAL_GetTick
                0x000000000800055c        0xc Drivers/STM32F4xx_HAL_Driver/Src/stm32f4xx_hal.o
                0x000000000800055c                HAL_GetTick
 .text.HAL_Delay
                0x0000000008000568       0x28 Drivers/STM32F4xx_HAL_Driver/Src/stm32f4xx_hal.o
                0x0000000008000568                HAL_Delay
 .text.HAL_ADC_Init
                0x0000000008000590      0x14c Drivers/STM32F4xx_HAL_Driver/Src/stm32f4xx_hal_adc.o
                0x0000000008000590                HAL_ADC_Init
 .text.HAL_ADC_ConfigChannel
                0x00000000080006dc      0x144 Drivers/STM32F4xx_HAL_Driver/Src/stm32f4xx_hal_adc.o
                0x00000000080006dc                HAL_ADC_ConfigChannel
 .text.HAL_NVIC_SetPriorityGrouping
                0x0000000008000820       0x24 Drivers/STM32F4xx_HAL_Driver/Src/stm32f4xx_hal_cortex.o
                0x0000000008000820                HAL_NVIC_SetPriorityGrouping
 .text.HAL_NVIC_SetPriority
                0x0000000008000844       0x68 Drivers/STM32F4xx_HAL_Driver/Src/stm32f4xx_hal_cortex.o
                0x0000000008000844                HAL_NVIC_SetPriority
 .text.HAL_NVIC_EnableIRQ
                0x00000000080008ac       0x1c Drivers/STM32F4xx_HAL_Driver/Src/stm32f4xx_hal_cortex.o
                0x00000000080008ac                HAL_NVIC_EnableIRQ
 .text.ETH_MACDMAConfig
                0x00000000080008c8       0xf8 Drivers/STM32F4xx_HAL_Driver/Src/stm32f4xx_hal_eth.o
 .text.HAL_ETH_ReadPHYRegister
                0x00000000080009c0       0x74 Drivers/STM32F4xx_HAL_Driver/Src/stm32f4xx_hal_eth.o
                0x00000000080009c0                HAL_ETH_ReadPHYRegister
 .text.HAL_ETH_WritePHYRegister
                0x0000000008000a34       0x6e Drivers/STM32F4xx_HAL_Driver/Src/stm32f4xx_hal_eth.o
                0x0000000008000a34                HAL_ETH_WritePHYRegister
 *fill*         0x0000000008000aa2        0x2 
 .text.HAL_ETH_Init
                0x0000000008000aa4      0x1f8 Drivers/STM32F4xx_HAL_Driver/Src/stm32f4xx_hal_eth.o
                0x0000000008000aa4                HAL_ETH_Init
 .text.HAL_GPIO_Init
                0x0000000008000c9c      0x1d8 Drivers/STM32F4xx_HAL_Driver/Src/stm32f4xx_hal_gpio.o
                0x0000000008000c9c                HAL_GPIO_Init
 .text.HAL_GPIO_WritePin
                0x0000000008000e74        0xa Drivers/STM32F4xx_HAL_Driver/Src/stm32f4xx_hal_gpio.o
                0x0000000008000e74                HAL_GPIO_WritePin
 *fill*         0x0000000008000e7e        0x2 
 .text.HAL_GPIO_EXTI_IRQHandler
                0x0000000008000e80       0x18 Drivers/STM32F4xx_HAL_Driver/Src/stm32f4xx_hal_gpio.o
                0x0000000008000e80                HAL_GPIO_EXTI_IRQHandler
 .text.I2C_IsAcknowledgeFailed
                0x0000000008000e98       0x34 Drivers/STM32F4xx_HAL_Driver/Src/stm32f4xx_hal_i2c.o
 .text.I2C_WaitOnMasterAddressFlagUntilTimeout
                0x0000000008000ecc       0x8a Drivers/STM32F4xx_HAL_Driver/Src/stm32f4xx_hal_i2c.o
 .text.I2C_WaitOnBTFFlagUntilTimeout
                0x0000000008000f56       0x4c Drivers/STM32F4xx_HAL_Driver/Src/stm32f4xx_hal_i2c.o
 .text.I2C_WaitOnRXNEFlagUntilTimeout
                0x0000000008000fa2       0x5e Drivers/STM32F4xx_HAL_Driver/Src/stm32f4xx_hal_i2c.o
 .text.I2C_WaitOnFlagUntilTimeout
                0x0000000008001000       0x64 Drivers/STM32F4xx_HAL_Driver/Src/stm32f4xx_hal_i2c.o
 .text.I2C_WaitOnTXEFlagUntilTimeout
                0x0000000008001064       0x4c Drivers/STM32F4xx_HAL_Driver/Src/stm32f4xx_hal_i2c.o
 .text.HAL_I2C_Init
                0x00000000080010b0      0x148 Drivers/STM32F4xx_HAL_Driver/Src/stm32f4xx_hal_i2c.o
                0x00000000080010b0                HAL_I2C_Init
 .text.HAL_I2C_Master_Transmit
                0x00000000080011f8      0x19c Drivers/STM32F4xx_HAL_Driver/Src/stm32f4xx_hal_i2c.o
                0x00000000080011f8                HAL_I2C_Master_Transmit
 .text.HAL_I2C_Master_Receive
                0x0000000008001394      0x2dc Drivers/STM32F4xx_HAL_Driver/Src/stm32f4xx_hal_i2c.o
                0x0000000008001394                HAL_I2C_Master_Receive
 .text.HAL_I2CEx_ConfigAnalogFilter
                0x0000000008001670       0x3e Drivers/STM32F4xx_HAL_Driver/Src/stm32f4xx_hal_i2c_ex.o
                0x0000000008001670                HAL_I2CEx_ConfigAnalogFilter
 .text.HAL_I2CEx_ConfigDigitalFilter
                0x00000000080016ae       0x3e Drivers/STM32F4xx_HAL_Driver/Src/stm32f4xx_hal_i2c_ex.o
                0x00000000080016ae                HAL_I2CEx_ConfigDigitalFilter
 .text.HAL_PCD_Init
                0x00000000080016ec      0x10e Drivers/STM32F4xx_HAL_Driver/Src/stm32f4xx_hal_pcd.o
                0x00000000080016ec                HAL_PCD_Init
 *fill*         0x00000000080017fa        0x2 
 .text.HAL_RCC_OscConfig
                0x00000000080017fc      0x304 Drivers/STM32F4xx_HAL_Driver/Src/stm32f4xx_hal_rcc.o
                0x00000000080017fc                HAL_RCC_OscConfig
 .text.HAL_RCC_GetSysClockFreq
                0x0000000008001b00       0x5c Drivers/STM32F4xx_HAL_Driver/Src/stm32f4xx_hal_rcc.o
                0x0000000008001b00                HAL_RCC_GetSysClockFreq
 .text.HAL_RCC_ClockConfig
                0x0000000008001b5c      0x134 Drivers/STM32F4xx_HAL_Driver/Src/stm32f4xx_hal_rcc.o
                0x0000000008001b5c                HAL_RCC_ClockConfig
 .text.HAL_RCC_GetHCLKFreq
                0x0000000008001c90        0xc Drivers/STM32F4xx_HAL_Driver/Src/stm32f4xx_hal_rcc.o
                0x0000000008001c90                HAL_RCC_GetHCLKFreq
 .text.HAL_RCC_GetPCLK1Freq
                0x0000000008001c9c       0x20 Drivers/STM32F4xx_HAL_Driver/Src/stm32f4xx_hal_rcc.o
                0x0000000008001c9c                HAL_RCC_GetPCLK1Freq
 .text.HAL_RCC_GetPCLK2Freq
                0x0000000008001cbc       0x20 Drivers/STM32F4xx_HAL_Driver/Src/stm32f4xx_hal_rcc.o
                0x0000000008001cbc                HAL_RCC_GetPCLK2Freq
 .text.HAL_RCC_GetClockConfig
                0x0000000008001cdc       0x3c Drivers/STM32F4xx_HAL_Driver/Src/stm32f4xx_hal_rcc.o
                0x0000000008001cdc                HAL_RCC_GetClockConfig
 .text.HAL_TIM_Base_MspInit
                0x0000000008001d18        0x2 Drivers/STM32F4xx_HAL_Driver/Src/stm32f4xx_hal_tim.o
                0x0000000008001d18                HAL_TIM_Base_MspInit
 .text.HAL_TIM_Base_Start_IT
                0x0000000008001d1a       0x20 Drivers/STM32F4xx_HAL_Driver/Src/stm32f4xx_hal_tim.o
                0x0000000008001d1a                HAL_TIM_Base_Start_IT
 .text.HAL_TIM_OC_DelayElapsedCallback
                0x0000000008001d3a        0x2 Drivers/STM32F4xx_HAL_Driver/Src/stm32f4xx_hal_tim.o
                0x0000000008001d3a                HAL_TIM_OC_DelayElapsedCallback
 .text.HAL_TIM_IC_CaptureCallback
                0x0000000008001d3c        0x2 Drivers/STM32F4xx_HAL_Driver/Src/stm32f4xx_hal_tim.o
                0x0000000008001d3c                HAL_TIM_IC_CaptureCallback
 .text.HAL_TIM_PWM_PulseFinishedCallback
                0x0000000008001d3e        0x2 Drivers/STM32F4xx_HAL_Driver/Src/stm32f4xx_hal_tim.o
                0x0000000008001d3e                HAL_TIM_PWM_PulseFinishedCallback
 .text.HAL_TIM_TriggerCallback
                0x0000000008001d40        0x2 Drivers/STM32F4xx_HAL_Driver/Src/stm32f4xx_hal_tim.o
                0x0000000008001d40                HAL_TIM_TriggerCallback
 .text.HAL_TIM_IRQHandler
                0x0000000008001d42      0x144 Drivers/STM32F4xx_HAL_Driver/Src/stm32f4xx_hal_tim.o
                0x0000000008001d42                HAL_TIM_IRQHandler
 *fill*         0x0000000008001e86        0x2 
 .text.TIM_Base_SetConfig
                0x0000000008001e88       0xcc Drivers/STM32F4xx_HAL_Driver/Src/stm32f4xx_hal_tim.o
                0x0000000008001e88                TIM_Base_SetConfig
 .text.HAL_TIM_Base_Init
                0x0000000008001f54       0x34 Drivers/STM32F4xx_HAL_Driver/Src/stm32f4xx_hal_tim.o
                0x0000000008001f54                HAL_TIM_Base_Init
 .text.HAL_TIMEx_CommutCallback
                0x0000000008001f88        0x2 Drivers/STM32F4xx_HAL_Driver/Src/stm32f4xx_hal_tim_ex.o
                0x0000000008001f88                HAL_TIMEx_CommutCallback
 .text.HAL_TIMEx_BreakCallback
                0x0000000008001f8a        0x2 Drivers/STM32F4xx_HAL_Driver/Src/stm32f4xx_hal_tim_ex.o
                0x0000000008001f8a                HAL_TIMEx_BreakCallback
 .text.UART_SetConfig
                0x0000000008001f8c      0x234 Drivers/STM32F4xx_HAL_Driver/Src/stm32f4xx_hal_uart.o
 .text.HAL_UART_Init
                0x00000000080021c0       0x5c Drivers/STM32F4xx_HAL_Driver/Src/stm32f4xx_hal_uart.o
                0x00000000080021c0                HAL_UART_Init
 .text.USB_CoreReset
                0x000000000800221c       0x30 Drivers/STM32F4xx_HAL_Driver/Src/stm32f4xx_ll_usb.o
 .text.USB_CoreInit
                0x000000000800224c       0x80 Drivers/STM32F4xx_HAL_Driver/Src/stm32f4xx_ll_usb.o
                0x000000000800224c                USB_CoreInit
 .text.USB_DisableGlobalInt
                0x00000000080022cc        0xc Drivers/STM32F4xx_HAL_Driver/Src/stm32f4xx_ll_usb.o
                0x00000000080022cc                USB_DisableGlobalInt
 .text.USB_SetCurrentMode
                0x00000000080022d8       0x2e Drivers/STM32F4xx_HAL_Driver/Src/stm32f4xx_ll_usb.o
                0x00000000080022d8                USB_SetCurrentMode
 *fill*         0x0000000008002306        0x2 
 .text.USB_FlushTxFifo
                0x0000000008002308       0x24 Drivers/STM32F4xx_HAL_Driver/Src/stm32f4xx_ll_usb.o
                0x0000000008002308                USB_FlushTxFifo
 .text.USB_FlushRxFifo
                0x000000000800232c       0x20 Drivers/STM32F4xx_HAL_Driver/Src/stm32f4xx_ll_usb.o
                0x000000000800232c                USB_FlushRxFifo
 .text.USB_SetDevSpeed
                0x000000000800234c        0xe Drivers/STM32F4xx_HAL_Driver/Src/stm32f4xx_ll_usb.o
                0x000000000800234c                USB_SetDevSpeed
 *fill*         0x000000000800235a        0x2 
 .text.USB_DevInit
                0x000000000800235c      0x188 Drivers/STM32F4xx_HAL_Driver/Src/stm32f4xx_ll_usb.o
                0x000000000800235c                USB_DevInit
 .text.USB_DevDisconnect
                0x00000000080024e4       0x18 Drivers/STM32F4xx_HAL_Driver/Src/stm32f4xx_ll_usb.o
                0x00000000080024e4                USB_DevDisconnect
 .text.osKernelStart
                0x00000000080024fc        0xa Middlewares/Third_Party/FreeRTOS/Source/CMSIS_RTOS/cmsis_os.o
                0x00000000080024fc                osKernelStart
 .text.osThreadCreate
                0x0000000008002506       0x50 Middlewares/Third_Party/FreeRTOS/Source/CMSIS_RTOS/cmsis_os.o
                0x0000000008002506                osThreadCreate
 .text.osDelay  0x0000000008002556       0x10 Middlewares/Third_Party/FreeRTOS/Source/CMSIS_RTOS/cmsis_os.o
                0x0000000008002556                osDelay
 .text.vListInitialise
                0x0000000008002566       0x16 Middlewares/Third_Party/FreeRTOS/Source/list.o
                0x0000000008002566                vListInitialise
 .text.vListInitialiseItem
                0x000000000800257c        0x6 Middlewares/Third_Party/FreeRTOS/Source/list.o
                0x000000000800257c                vListInitialiseItem
 .text.vListInsertEnd
                0x0000000008002582       0x18 Middlewares/Third_Party/FreeRTOS/Source/list.o
                0x0000000008002582                vListInsertEnd
 .text.vListInsert
                0x000000000800259a       0x2e Middlewares/Third_Party/FreeRTOS/Source/list.o
                0x000000000800259a                vListInsert
 .text.uxListRemove
                0x00000000080025c8       0x22 Middlewares/Third_Party/FreeRTOS/Source/list.o
                0x00000000080025c8                uxListRemove
 *fill*         0x00000000080025ea        0x2 
 .text.prvTaskExitError
                0x00000000080025ec       0x40 Middlewares/Third_Party/FreeRTOS/Source/portable/GCC/ARM_CM4F/port.o
 .text.unlikely.prvPortStartFirstTask
                0x000000000800262c       0x28 Middlewares/Third_Party/FreeRTOS/Source/portable/GCC/ARM_CM4F/port.o
 .text.unlikely.vPortEnableVFP
                0x0000000008002654       0x14 Middlewares/Third_Party/FreeRTOS/Source/portable/GCC/ARM_CM4F/port.o
 .text.pxPortInitialiseStack
                0x0000000008002668       0x2c Middlewares/Third_Party/FreeRTOS/Source/portable/GCC/ARM_CM4F/port.o
                0x0000000008002668                pxPortInitialiseStack
 *fill*         0x0000000008002694        0xc 
 .text.SVC_Handler
                0x00000000080026a0       0x24 Middlewares/Third_Party/FreeRTOS/Source/portable/GCC/ARM_CM4F/port.o
                0x00000000080026a0                SVC_Handler
 .text.vPortEnterCritical
                0x00000000080026c4       0x44 Middlewares/Third_Party/FreeRTOS/Source/portable/GCC/ARM_CM4F/port.o
                0x00000000080026c4                vPortEnterCritical
 .text.vPortExitCritical
                0x0000000008002708       0x28 Middlewares/Third_Party/FreeRTOS/Source/portable/GCC/ARM_CM4F/port.o
                0x0000000008002708                vPortExitCritical
 .text.PendSV_Handler
                0x0000000008002730       0x64 Middlewares/Third_Party/FreeRTOS/Source/portable/GCC/ARM_CM4F/port.o
                0x0000000008002730                PendSV_Handler
 .text.SysTick_Handler
                0x0000000008002794       0x2c Middlewares/Third_Party/FreeRTOS/Source/portable/GCC/ARM_CM4F/port.o
                0x0000000008002794                SysTick_Handler
 .text.vPortSetupTimerInterrupt
                0x00000000080027c0       0x34 Middlewares/Third_Party/FreeRTOS/Source/portable/GCC/ARM_CM4F/port.o
                0x00000000080027c0                vPortSetupTimerInterrupt
 .text.xPortStartScheduler
                0x00000000080027f4      0x10c Middlewares/Third_Party/FreeRTOS/Source/portable/GCC/ARM_CM4F/port.o
                0x00000000080027f4                xPortStartScheduler
 .text.unlikely.prvInsertBlockIntoFreeList
                0x0000000008002900       0x48 Middlewares/Third_Party/FreeRTOS/Source/portable/MemMang/heap_4.o
 .text.pvPortMalloc
                0x0000000008002948      0x11c Middlewares/Third_Party/FreeRTOS/Source/portable/MemMang/heap_4.o
                0x0000000008002948                pvPortMalloc
 .text.vPortFree
                0x0000000008002a64       0x70 Middlewares/Third_Party/FreeRTOS/Source/portable/MemMang/heap_4.o
                0x0000000008002a64                vPortFree
 .text.prvAddNewTaskToReadyList
                0x0000000008002ad4       0xf8 Middlewares/Third_Party/FreeRTOS/Source/tasks.o
 .text.prvResetNextTaskUnblockTime
                0x0000000008002bcc       0x24 Middlewares/Third_Party/FreeRTOS/Source/tasks.o
 .text.prvInitialiseNewTask.isra.2
                0x0000000008002bf0       0x82 Middlewares/Third_Party/FreeRTOS/Source/tasks.o
 .text.prvDeleteTCB
                0x0000000008002c72       0x36 Middlewares/Third_Party/FreeRTOS/Source/tasks.o
 .text.prvIdleTask
                0x0000000008002ca8       0x64 Middlewares/Third_Party/FreeRTOS/Source/tasks.o
 .text.prvAddCurrentTaskToDelayedList
                0x0000000008002d0c       0x8c Middlewares/Third_Party/FreeRTOS/Source/tasks.o
 .text.xTaskCreateStatic
                0x0000000008002d98       0x6e Middlewares/Third_Party/FreeRTOS/Source/tasks.o
                0x0000000008002d98                xTaskCreateStatic
 .text.xTaskCreate
                0x0000000008002e06       0x5a Middlewares/Third_Party/FreeRTOS/Source/tasks.o
                0x0000000008002e06                xTaskCreate
 .text.vTaskStartScheduler
                0x0000000008002e60       0x6c Middlewares/Third_Party/FreeRTOS/Source/tasks.o
                0x0000000008002e60                vTaskStartScheduler
 .text.vTaskSuspendAll
                0x0000000008002ecc       0x10 Middlewares/Third_Party/FreeRTOS/Source/tasks.o
                0x0000000008002ecc                vTaskSuspendAll
 .text.xTaskIncrementTick
                0x0000000008002edc      0x124 Middlewares/Third_Party/FreeRTOS/Source/tasks.o
                0x0000000008002edc                xTaskIncrementTick
 .text.xTaskResumeAll
                0x0000000008003000       0xf0 Middlewares/Third_Party/FreeRTOS/Source/tasks.o
                0x0000000008003000                xTaskResumeAll
 .text.vTaskDelay
                0x00000000080030f0       0x48 Middlewares/Third_Party/FreeRTOS/Source/tasks.o
                0x00000000080030f0                vTaskDelay
 .text.vTaskSwitchContext
                0x0000000008003138       0x74 Middlewares/Third_Party/FreeRTOS/Source/tasks.o
                0x0000000008003138                vTaskSwitchContext
 .text.MX_ADC1_Init
                0x00000000080031ac       0x64 Src/adc.o
                0x00000000080031ac                MX_ADC1_Init
 .text.HAL_ADC_MspInit
                0x0000000008003210       0x64 Src/adc.o
                0x0000000008003210                HAL_ADC_MspInit
 .text.MX_ETH_Init
                0x0000000008003274       0x54 Src/eth.o
                0x0000000008003274                MX_ETH_Init
 .text.HAL_ETH_MspInit
                0x00000000080032c8      0x11c Src/eth.o
                0x00000000080032c8                HAL_ETH_MspInit
 .text.StartDefaultTask
                0x00000000080033e4       0xd4 Src/freertos.o
                0x00000000080033e4                StartDefaultTask
 .text.Reglage  0x00000000080034b8      0x1a8 Src/freertos.o
                0x00000000080034b8                Reglage
 .text.vApplicationGetIdleTaskMemory
                0x0000000008003660       0x18 Src/freertos.o
                0x0000000008003660                vApplicationGetIdleTaskMemory
 .text.MX_FREERTOS_Init
                0x0000000008003678       0x50 Src/freertos.o
                0x0000000008003678                MX_FREERTOS_Init
 .text.MX_GPIO_Init
                0x00000000080036c8      0x168 Src/gpio.o
                0x00000000080036c8                MX_GPIO_Init
 .text.MX_I2C1_Init
                0x0000000008003830       0x5c Src/i2c.o
                0x0000000008003830                MX_I2C1_Init
 .text.HAL_I2C_MspInit
                0x000000000800388c       0x74 Src/i2c.o
                0x000000000800388c                HAL_I2C_MspInit
 .text.HAL_GPIO_EXTI_Callback
                0x0000000008003900       0x4c Src/main.o
                0x0000000008003900                HAL_GPIO_EXTI_Callback
 .text.SystemClock_Config
                0x000000000800394c       0x98 Src/main.o
                0x000000000800394c                SystemClock_Config
 .text.startup.main
                0x00000000080039e4       0x2c Src/main.o
                0x00000000080039e4                main
 .text._write   0x0000000008003a10       0x32 Src/main.o
                0x0000000008003a10                _write
 *fill*         0x0000000008003a42        0x2 
 .text.HAL_TIM_PeriodElapsedCallback
                0x0000000008003a44       0x14 Src/main.o
                0x0000000008003a44                HAL_TIM_PeriodElapsedCallback
 .text.Error_Handler
                0x0000000008003a58        0x2 Src/main.o
                0x0000000008003a58                Error_Handler
 .text.malloc   0x0000000008003a5a        0x4 Src/malloc.o
                0x0000000008003a5a                malloc
 .text.free     0x0000000008003a5e        0x4 Src/malloc.o
                0x0000000008003a5e                free
 *fill*         0x0000000008003a62        0x2 
 .text.HAL_MspInit
                0x0000000008003a64       0x44 Src/stm32f4xx_hal_msp.o
                0x0000000008003a64                HAL_MspInit
 .text.HAL_InitTick
                0x0000000008003aa8       0x7c Src/stm32f4xx_hal_timebase_tim.o
                0x0000000008003aa8                HAL_InitTick
 .text.NMI_Handler
                0x0000000008003b24        0x2 Src/stm32f4xx_it.o
                0x0000000008003b24                NMI_Handler
 .text.HardFault_Handler
                0x0000000008003b26        0x2 Src/stm32f4xx_it.o
                0x0000000008003b26                HardFault_Handler
 .text.MemManage_Handler
                0x0000000008003b28        0x2 Src/stm32f4xx_it.o
                0x0000000008003b28                MemManage_Handler
 .text.BusFault_Handler
                0x0000000008003b2a        0x2 Src/stm32f4xx_it.o
                0x0000000008003b2a                BusFault_Handler
 .text.UsageFault_Handler
                0x0000000008003b2c        0x2 Src/stm32f4xx_it.o
                0x0000000008003b2c                UsageFault_Handler
 .text.DebugMon_Handler
                0x0000000008003b2e        0x2 Src/stm32f4xx_it.o
                0x0000000008003b2e                DebugMon_Handler
 .text.EXTI4_IRQHandler
                0x0000000008003b30        0x6 Src/stm32f4xx_it.o
                0x0000000008003b30                EXTI4_IRQHandler
 .text.EXTI9_5_IRQHandler
                0x0000000008003b36       0x18 Src/stm32f4xx_it.o
                0x0000000008003b36                EXTI9_5_IRQHandler
 .text.EXTI15_10_IRQHandler
                0x0000000008003b4e        0x8 Src/stm32f4xx_it.o
                0x0000000008003b4e                EXTI15_10_IRQHandler
 *fill*         0x0000000008003b56        0x2 
 .text.TIM8_UP_TIM13_IRQHandler
                0x0000000008003b58        0xc Src/stm32f4xx_it.o
                0x0000000008003b58                TIM8_UP_TIM13_IRQHandler
 .text.SystemInit
                0x0000000008003b64       0x4c Src/system_stm32f4xx.o
                0x0000000008003b64                SystemInit
 .text.ts_itoa  0x0000000008003bb0       0x34 Src/tiny_printf.o
                0x0000000008003bb0                ts_itoa
 .text.ts_formatstring
                0x0000000008003be4       0xc2 Src/tiny_printf.o
                0x0000000008003be4                ts_formatstring
 .text.ts_formatlength
                0x0000000008003ca6       0x68 Src/tiny_printf.o
                0x0000000008003ca6                ts_formatlength
 .text.iprintf  0x0000000008003d0e       0x7e Src/tiny_printf.o
                0x0000000008003d0e                printf
                0x0000000008003d0e                iprintf
 .text.puts     0x0000000008003d8c       0x34 Src/tiny_printf.o
                0x0000000008003d8c                puts
 .text.MX_USART3_UART_Init
                0x0000000008003dc0       0x38 Src/usart.o
                0x0000000008003dc0                MX_USART3_UART_Init
 .text.HAL_UART_MspInit
                0x0000000008003df8       0x70 Src/usart.o
                0x0000000008003df8                HAL_UART_MspInit
 .text.MX_USB_OTG_FS_PCD_Init
                0x0000000008003e68       0x38 Src/usb_otg.o
                0x0000000008003e68                MX_USB_OTG_FS_PCD_Init
 .text.HAL_PCD_MspInit
                0x0000000008003ea0       0x84 Src/usb_otg.o
                0x0000000008003ea0                HAL_PCD_MspInit
 .text.Reset_Handler
                0x0000000008003f24       0x50 startup/startup_stm32f429xx.o
                0x0000000008003f24                Reset_Handler
 .text.Default_Handler
                0x0000000008003f74        0x2 startup/startup_stm32f429xx.o
                0x0000000008003f74                RTC_Alarm_IRQHandler
                0x0000000008003f74                HASH_RNG_IRQHandler
                0x0000000008003f74                EXTI2_IRQHandler
                0x0000000008003f74                TIM8_CC_IRQHandler
                0x0000000008003f74                UART8_IRQHandler
                0x0000000008003f74                SPI4_IRQHandler
                0x0000000008003f74                TIM1_CC_IRQHandler
                0x0000000008003f74                DMA2_Stream5_IRQHandler
                0x0000000008003f74                DMA1_Stream5_IRQHandler
                0x0000000008003f74                PVD_IRQHandler
                0x0000000008003f74                SDIO_IRQHandler
                0x0000000008003f74                TAMP_STAMP_IRQHandler
                0x0000000008003f74                CAN2_RX1_IRQHandler
                0x0000000008003f74                EXTI3_IRQHandler
                0x0000000008003f74                TIM8_TRG_COM_TIM14_IRQHandler
                0x0000000008003f74                TIM1_UP_TIM10_IRQHandler
                0x0000000008003f74                I2C3_ER_IRQHandler
                0x0000000008003f74                EXTI0_IRQHandler
                0x0000000008003f74                I2C2_EV_IRQHandler
                0x0000000008003f74                DMA1_Stream2_IRQHandler
                0x0000000008003f74                CAN1_RX0_IRQHandler
                0x0000000008003f74                FPU_IRQHandler
                0x0000000008003f74                OTG_HS_WKUP_IRQHandler
                0x0000000008003f74                LTDC_ER_IRQHandler
                0x0000000008003f74                CAN2_SCE_IRQHandler
                0x0000000008003f74                DMA2_Stream2_IRQHandler
                0x0000000008003f74                SPI1_IRQHandler
                0x0000000008003f74                TIM6_DAC_IRQHandler
                0x0000000008003f74                TIM1_BRK_TIM9_IRQHandler
                0x0000000008003f74                DCMI_IRQHandler
                0x0000000008003f74                CAN2_RX0_IRQHandler
                0x0000000008003f74                DMA2_Stream3_IRQHandler
                0x0000000008003f74                USART6_IRQHandler
                0x0000000008003f74                USART3_IRQHandler
                0x0000000008003f74                CAN1_RX1_IRQHandler
                0x0000000008003f74                UART5_IRQHandler
                0x0000000008003f74                DMA2_Stream0_IRQHandler
                0x0000000008003f74                TIM4_IRQHandler
                0x0000000008003f74                I2C1_EV_IRQHandler
                0x0000000008003f74                DMA1_Stream6_IRQHandler
                0x0000000008003f74                DMA1_Stream1_IRQHandler
                0x0000000008003f74                UART4_IRQHandler
                0x0000000008003f74                TIM3_IRQHandler
                0x0000000008003f74                RCC_IRQHandler
                0x0000000008003f74                TIM8_BRK_TIM12_IRQHandler
                0x0000000008003f74                Default_Handler
                0x0000000008003f74                ADC_IRQHandler
                0x0000000008003f74                DMA1_Stream7_IRQHandler
                0x0000000008003f74                SPI5_IRQHandler
                0x0000000008003f74                TIM7_IRQHandler
                0x0000000008003f74                CAN2_TX_IRQHandler
                0x0000000008003f74                TIM5_IRQHandler
                0x0000000008003f74                DMA2_Stream7_IRQHandler
                0x0000000008003f74                I2C3_EV_IRQHandler
                0x0000000008003f74                RTC_WKUP_IRQHandler
                0x0000000008003f74                LTDC_IRQHandler
                0x0000000008003f74                ETH_WKUP_IRQHandler
                0x0000000008003f74                SPI2_IRQHandler
                0x0000000008003f74                OTG_HS_EP1_IN_IRQHandler
                0x0000000008003f74                DMA1_Stream0_IRQHandler
                0x0000000008003f74                CAN1_TX_IRQHandler
                0x0000000008003f74                ETH_IRQHandler
                0x0000000008003f74                OTG_HS_EP1_OUT_IRQHandler
                0x0000000008003f74                WWDG_IRQHandler
                0x0000000008003f74                SPI6_IRQHandler
                0x0000000008003f74                TIM2_IRQHandler
                0x0000000008003f74                OTG_FS_WKUP_IRQHandler
                0x0000000008003f74                TIM1_TRG_COM_TIM11_IRQHandler
                0x0000000008003f74                OTG_HS_IRQHandler
                0x0000000008003f74                DMA2D_IRQHandler
                0x0000000008003f74                EXTI1_IRQHandler
                0x0000000008003f74                UART7_IRQHandler
                0x0000000008003f74                USART2_IRQHandler
                0x0000000008003f74                I2C2_ER_IRQHandler
                0x0000000008003f74                DMA2_Stream1_IRQHandler
                0x0000000008003f74                CAN1_SCE_IRQHandler
                0x0000000008003f74                FLASH_IRQHandler
                0x0000000008003f74                DMA2_Stream4_IRQHandler
                0x0000000008003f74                USART1_IRQHandler
                0x0000000008003f74                OTG_FS_IRQHandler
                0x0000000008003f74                SPI3_IRQHandler
                0x0000000008003f74                DMA1_Stream4_IRQHandler
                0x0000000008003f74                I2C1_ER_IRQHandler
                0x0000000008003f74                FMC_IRQHandler
                0x0000000008003f74                DMA2_Stream6_IRQHandler
                0x0000000008003f74                SAI1_IRQHandler
                0x0000000008003f74                DMA1_Stream3_IRQHandler
 *fill*         0x0000000008003f76        0x2 
 .text.__libc_init_array
                0x0000000008003f78       0x48 /opt/Atollic_TrueSTUDIO_for_STM32_x86_64_9.3.0/ARMTools/bin/../lib/gcc/arm-atollic-eabi/6.3.1/../../../../arm-atollic-eabi/lib/armv7e-m/fpu/libc_nano.a(lib_a-init.o)
                0x0000000008003f78                __libc_init_array
 .text.memset   0x0000000008003fc0       0x10 /opt/Atollic_TrueSTUDIO_for_STM32_x86_64_9.3.0/ARMTools/bin/../lib/gcc/arm-atollic-eabi/6.3.1/../../../../arm-atollic-eabi/lib/armv7e-m/fpu/libc_nano.a(lib_a-memset.o)
                0x0000000008003fc0                memset
 *(.glue_7)
 .glue_7        0x0000000008003fd0        0x0 linker stubs
 *(.glue_7t)
 .glue_7t       0x0000000008003fd0        0x0 linker stubs
 *(.eh_frame)
 .eh_frame      0x0000000008003fd0        0x0 /opt/Atollic_TrueSTUDIO_for_STM32_x86_64_9.3.0/ARMTools/bin/../lib/gcc/arm-atollic-eabi/6.3.1/armv7e-m/fpu/crtbegin.o
 *(.init)
 .init          0x0000000008003fd0        0x4 /opt/Atollic_TrueSTUDIO_for_STM32_x86_64_9.3.0/ARMTools/bin/../lib/gcc/arm-atollic-eabi/6.3.1/armv7e-m/fpu/crti.o
                0x0000000008003fd0                _init
 .init          0x0000000008003fd4        0x8 /opt/Atollic_TrueSTUDIO_for_STM32_x86_64_9.3.0/ARMTools/bin/../lib/gcc/arm-atollic-eabi/6.3.1/armv7e-m/fpu/crtn.o
 *(.fini)
 .fini          0x0000000008003fdc        0x4 /opt/Atollic_TrueSTUDIO_for_STM32_x86_64_9.3.0/ARMTools/bin/../lib/gcc/arm-atollic-eabi/6.3.1/armv7e-m/fpu/crti.o
                0x0000000008003fdc                _fini
 .fini          0x0000000008003fe0        0x8 /opt/Atollic_TrueSTUDIO_for_STM32_x86_64_9.3.0/ARMTools/bin/../lib/gcc/arm-atollic-eabi/6.3.1/armv7e-m/fpu/crtn.o
                0x0000000008003fe8                . = ALIGN (0x4)
                0x0000000008003fe8                _etext = .

.vfp11_veneer   0x0000000008003fe8        0x0
 .vfp11_veneer  0x0000000008003fe8        0x0 linker stubs

.v4_bx          0x0000000008003fe8        0x0
 .v4_bx         0x0000000008003fe8        0x0 linker stubs

.iplt           0x0000000008003fe8        0x0
 .iplt          0x0000000008003fe8        0x0 /opt/Atollic_TrueSTUDIO_for_STM32_x86_64_9.3.0/ARMTools/bin/../lib/gcc/arm-atollic-eabi/6.3.1/armv7e-m/fpu/crtbegin.o

.rodata         0x0000000008003fe8       0xd4
                0x0000000008003fe8                . = ALIGN (0x4)
 *(.rodata)
 .rodata        0x0000000008003fe8       0x38 Src/freertos.o
 *(.rodata*)
 .rodata.vTaskStartScheduler.str1.1
                0x0000000008004020        0x5 Middlewares/Third_Party/FreeRTOS/Source/tasks.o
 .rodata.Reglage.str1.1
                0x0000000008004025       0x4e Src/freertos.o
 .rodata.StartDefaultTask.str1.1
                0x0000000008004073       0x1b Src/freertos.o
 .rodata.str1.1
                0x000000000800408e       0x15 Src/freertos.o
 .rodata.AHBPrescTable
                0x00000000080040a3       0x10 Src/system_stm32f4xx.o
                0x00000000080040a3                AHBPrescTable
 .rodata.APBPrescTable
                0x00000000080040b3        0x8 Src/system_stm32f4xx.o
                0x00000000080040b3                APBPrescTable
 .rodata.fputs.str1.1
                0x00000000080040bb       0x15 Src/tiny_printf.o
                                          0x2 (size before relaxing)
                0x00000000080040d0                . = ALIGN (0x4)
 *fill*         0x00000000080040bb        0x1 

.ARM.extab
 *(.ARM.extab* .gnu.linkonce.armextab.*)

.ARM            0x00000000080040bc        0x8
                0x00000000080040bc                __exidx_start = .
 *(.ARM.exidx*)
 .ARM.exidx     0x00000000080040bc        0x8 /opt/Atollic_TrueSTUDIO_for_STM32_x86_64_9.3.0/ARMTools/bin/../lib/gcc/arm-atollic-eabi/6.3.1/armv7e-m/fpu/libgcc.a(_udivmoddi4.o)
                0x00000000080040c4                __exidx_end = .

.rel.dyn        0x00000000080040c4        0x0
 .rel.iplt      0x00000000080040c4        0x0 /opt/Atollic_TrueSTUDIO_for_STM32_x86_64_9.3.0/ARMTools/bin/../lib/gcc/arm-atollic-eabi/6.3.1/armv7e-m/fpu/crtbegin.o

.preinit_array  0x00000000080040c4        0x0
                0x00000000080040c4                PROVIDE (__preinit_array_start, .)
 *(.preinit_array*)
                0x00000000080040c4                PROVIDE (__preinit_array_end, .)

.init_array     0x00000000080040c4        0x4
                0x00000000080040c4                PROVIDE (__init_array_start, .)
 *(SORT(.init_array.*))
 *(.init_array*)
 .init_array    0x00000000080040c4        0x4 /opt/Atollic_TrueSTUDIO_for_STM32_x86_64_9.3.0/ARMTools/bin/../lib/gcc/arm-atollic-eabi/6.3.1/armv7e-m/fpu/crtbegin.o
                0x00000000080040c8                PROVIDE (__init_array_end, .)

.fini_array     0x00000000080040c8        0x4
                [!provide]                        PROVIDE (__fini_array_start, .)
 *(SORT(.fini_array.*))
 *(.fini_array*)
 .fini_array    0x00000000080040c8        0x4 /opt/Atollic_TrueSTUDIO_for_STM32_x86_64_9.3.0/ARMTools/bin/../lib/gcc/arm-atollic-eabi/6.3.1/armv7e-m/fpu/crtbegin.o
                [!provide]                        PROVIDE (__fini_array_end, .)
                0x00000000080040cc                _sidata = LOADADDR (.data)

.data           0x0000000020000000       0x10 load address 0x00000000080040cc
                0x0000000020000000                . = ALIGN (0x4)
                0x0000000020000000                _sdata = .
 *(.data)
 *(.data*)
 .data.uwTickFreq
                0x0000000020000000        0x1 Drivers/STM32F4xx_HAL_Driver/Src/stm32f4xx_hal.o
                0x0000000020000000                uwTickFreq
 *fill*         0x0000000020000001        0x3 
 .data.uxCriticalNesting
                0x0000000020000004        0x4 Middlewares/Third_Party/FreeRTOS/Source/portable/GCC/ARM_CM4F/port.o
 .data.I2c_adress
                0x0000000020000008        0x4 Src/freertos.o
                0x0000000020000008                I2c_adress
 .data.SystemCoreClock
                0x000000002000000c        0x4 Src/system_stm32f4xx.o
                0x000000002000000c                SystemCoreClock
                0x0000000020000010                . = ALIGN (0x4)
                0x0000000020000010                _edata = .
                0x00000000080040dc                _siccmram = LOADADDR (.ccmram)

.igot.plt       0x0000000020000010        0x0 load address 0x00000000080040dc
 .igot.plt      0x0000000020000010        0x0 /opt/Atollic_TrueSTUDIO_for_STM32_x86_64_9.3.0/ARMTools/bin/../lib/gcc/arm-atollic-eabi/6.3.1/armv7e-m/fpu/crtbegin.o

.ccmram         0x0000000010000000        0x0 load address 0x00000000080040dc
                0x0000000010000000                . = ALIGN (0x4)
                0x0000000010000000                _sccmram = .
 *(.ccmram)
 *(.ccmram*)
                0x0000000010000000                . = ALIGN (0x4)
                0x0000000010000000                _eccmram = .
                0x0000000010000000                . = ALIGN (0x4)

.bss            0x0000000020000010     0x4544
                0x0000000020000010                _sbss = .
                0x0000000020000010                __bss_start__ = _sbss
 *(.bss)
 .bss           0x0000000020000010       0x1c /opt/Atollic_TrueSTUDIO_for_STM32_x86_64_9.3.0/ARMTools/bin/../lib/gcc/arm-atollic-eabi/6.3.1/armv7e-m/fpu/crtbegin.o
 *(.bss*)
 .bss.ucMaxSysCallPriority
                0x000000002000002c        0x1 Middlewares/Third_Party/FreeRTOS/Source/portable/GCC/ARM_CM4F/port.o
 *fill*         0x000000002000002d        0x3 
 .bss.ulMaxPRIGROUPValue
                0x0000000020000030        0x4 Middlewares/Third_Party/FreeRTOS/Source/portable/GCC/ARM_CM4F/port.o
 .bss.pxEnd     0x0000000020000034        0x4 Middlewares/Third_Party/FreeRTOS/Source/portable/MemMang/heap_4.o
 .bss.ucHeap    0x0000000020000038     0x3c00 Middlewares/Third_Party/FreeRTOS/Source/portable/MemMang/heap_4.o
 .bss.xBlockAllocatedBit
                0x0000000020003c38        0x4 Middlewares/Third_Party/FreeRTOS/Source/portable/MemMang/heap_4.o
 .bss.xFreeBytesRemaining
                0x0000000020003c3c        0x4 Middlewares/Third_Party/FreeRTOS/Source/portable/MemMang/heap_4.o
 .bss.xMinimumEverFreeBytesRemaining
                0x0000000020003c40        0x4 Middlewares/Third_Party/FreeRTOS/Source/portable/MemMang/heap_4.o
 .bss.xStart    0x0000000020003c44        0x8 Middlewares/Third_Party/FreeRTOS/Source/portable/MemMang/heap_4.o
 .bss.pxCurrentTCB
                0x0000000020003c4c        0x4 Middlewares/Third_Party/FreeRTOS/Source/tasks.o
                0x0000000020003c4c                pxCurrentTCB
 .bss.pxDelayedTaskList
                0x0000000020003c50        0x4 Middlewares/Third_Party/FreeRTOS/Source/tasks.o
 .bss.pxOverflowDelayedTaskList
                0x0000000020003c54        0x4 Middlewares/Third_Party/FreeRTOS/Source/tasks.o
 .bss.pxReadyTasksLists
                0x0000000020003c58       0x8c Middlewares/Third_Party/FreeRTOS/Source/tasks.o
 .bss.uxCurrentNumberOfTasks
                0x0000000020003ce4        0x4 Middlewares/Third_Party/FreeRTOS/Source/tasks.o
 .bss.uxDeletedTasksWaitingCleanUp
                0x0000000020003ce8        0x4 Middlewares/Third_Party/FreeRTOS/Source/tasks.o
 .bss.uxPendedTicks
                0x0000000020003cec        0x4 Middlewares/Third_Party/FreeRTOS/Source/tasks.o
 .bss.uxSchedulerSuspended
                0x0000000020003cf0        0x4 Middlewares/Third_Party/FreeRTOS/Source/tasks.o
 .bss.uxTaskNumber
                0x0000000020003cf4        0x4 Middlewares/Third_Party/FreeRTOS/Source/tasks.o
 .bss.uxTopReadyPriority
                0x0000000020003cf8        0x4 Middlewares/Third_Party/FreeRTOS/Source/tasks.o
 .bss.xDelayedTaskList1
                0x0000000020003cfc       0x14 Middlewares/Third_Party/FreeRTOS/Source/tasks.o
 .bss.xDelayedTaskList2
                0x0000000020003d10       0x14 Middlewares/Third_Party/FreeRTOS/Source/tasks.o
 .bss.xNextTaskUnblockTime
                0x0000000020003d24        0x4 Middlewares/Third_Party/FreeRTOS/Source/tasks.o
 .bss.xNumOfOverflows
                0x0000000020003d28        0x4 Middlewares/Third_Party/FreeRTOS/Source/tasks.o
 .bss.xPendingReadyList
                0x0000000020003d2c       0x14 Middlewares/Third_Party/FreeRTOS/Source/tasks.o
 .bss.xSchedulerRunning
                0x0000000020003d40        0x4 Middlewares/Third_Party/FreeRTOS/Source/tasks.o
 .bss.xSuspendedTaskList
                0x0000000020003d44       0x14 Middlewares/Third_Party/FreeRTOS/Source/tasks.o
 .bss.xTasksWaitingTermination
                0x0000000020003d58       0x14 Middlewares/Third_Party/FreeRTOS/Source/tasks.o
 .bss.xTickCount
                0x0000000020003d6c        0x4 Middlewares/Third_Party/FreeRTOS/Source/tasks.o
 .bss.xYieldPending
                0x0000000020003d70        0x4 Middlewares/Third_Party/FreeRTOS/Source/tasks.o
 .bss.xIdleStack
                0x0000000020003d74      0x200 Src/freertos.o
 .bss.xIdleTaskTCBBuffer
                0x0000000020003f74       0x54 Src/freertos.o
 *(COMMON)
 COMMON         0x0000000020003fc8        0x4 Drivers/STM32F4xx_HAL_Driver/Src/stm32f4xx_hal.o
                0x0000000020003fc8                uwTick
 COMMON         0x0000000020003fcc       0x55 Src/adc.o
                0x0000000020003fcc                heures
                0x0000000020003fcd                secondes
                0x0000000020003fd0                hadc1
                0x0000000020004018                g_appui_touche
                0x000000002000401c                mode_reglage
                0x0000000020004020                minutes
 *fill*         0x0000000020004021        0x3 
 COMMON         0x0000000020004024       0x48 Src/eth.o
                0x0000000020004024                heth
 COMMON         0x000000002000406c        0xc Src/freertos.o
                0x000000002000406c                defaultTaskHandle
                0x0000000020004070                myTask02Handle
                0x0000000020004074                appui_touche
 COMMON         0x0000000020004078       0x54 Src/i2c.o
                0x0000000020004078                hi2c1
 COMMON         0x00000000200040cc       0x40 Src/stm32f4xx_hal_timebase_tim.o
                0x00000000200040cc                htim8
 COMMON         0x000000002000410c       0x40 Src/usart.o
                0x000000002000410c                huart3
 COMMON         0x000000002000414c      0x408 Src/usb_otg.o
                0x000000002000414c                hpcd_USB_OTG_FS
                0x0000000020004554                . = ALIGN (0x4)
                0x0000000020004554                _ebss = .
                0x0000000020004554                __bss_end__ = _ebss

._user_heap_stack
                0x0000000020004554      0x600
                0x0000000020004554                . = ALIGN (0x4)
                0x0000000020004554                PROVIDE (end, .)
                [!provide]                        PROVIDE (_end, .)
                0x0000000020004754                . = (. + _Min_Heap_Size)
 *fill*         0x0000000020004554      0x200 
                0x0000000020004b54                . = (. + _Min_Stack_Size)
 *fill*         0x0000000020004754      0x400 
                0x0000000020004b54                . = ALIGN (0x4)

/DISCARD/
 libc.a(*)
 libm.a(*)
 libgcc.a(*)

.ARM.attributes
                0x0000000000000000       0x30
 *(.ARM.attributes)
 .ARM.attributes
                0x0000000000000000       0x22 /opt/Atollic_TrueSTUDIO_for_STM32_x86_64_9.3.0/ARMTools/bin/../lib/gcc/arm-atollic-eabi/6.3.1/armv7e-m/fpu/crti.o
 .ARM.attributes
                0x0000000000000022       0x34 /opt/Atollic_TrueSTUDIO_for_STM32_x86_64_9.3.0/ARMTools/bin/../lib/gcc/arm-atollic-eabi/6.3.1/armv7e-m/fpu/crtbegin.o
 .ARM.attributes
                0x0000000000000056       0x39 Drivers/STM32F4xx_HAL_Driver/Src/stm32f4xx_hal.o
 .ARM.attributes
                0x000000000000008f       0x39 Drivers/STM32F4xx_HAL_Driver/Src/stm32f4xx_hal_adc.o
 .ARM.attributes
                0x00000000000000c8       0x39 Drivers/STM32F4xx_HAL_Driver/Src/stm32f4xx_hal_cortex.o
 .ARM.attributes
                0x0000000000000101       0x39 Drivers/STM32F4xx_HAL_Driver/Src/stm32f4xx_hal_eth.o
 .ARM.attributes
                0x000000000000013a       0x39 Drivers/STM32F4xx_HAL_Driver/Src/stm32f4xx_hal_gpio.o
 .ARM.attributes
                0x0000000000000173       0x39 Drivers/STM32F4xx_HAL_Driver/Src/stm32f4xx_hal_i2c.o
 .ARM.attributes
                0x00000000000001ac       0x39 Drivers/STM32F4xx_HAL_Driver/Src/stm32f4xx_hal_i2c_ex.o
 .ARM.attributes
                0x00000000000001e5       0x39 Drivers/STM32F4xx_HAL_Driver/Src/stm32f4xx_hal_pcd.o
 .ARM.attributes
                0x000000000000021e       0x39 Drivers/STM32F4xx_HAL_Driver/Src/stm32f4xx_hal_rcc.o
 .ARM.attributes
                0x0000000000000257       0x39 Drivers/STM32F4xx_HAL_Driver/Src/stm32f4xx_hal_tim.o
 .ARM.attributes
                0x0000000000000290       0x39 Drivers/STM32F4xx_HAL_Driver/Src/stm32f4xx_hal_tim_ex.o
 .ARM.attributes
                0x00000000000002c9       0x39 Drivers/STM32F4xx_HAL_Driver/Src/stm32f4xx_hal_uart.o
 .ARM.attributes
                0x0000000000000302       0x39 Drivers/STM32F4xx_HAL_Driver/Src/stm32f4xx_ll_usb.o
 .ARM.attributes
                0x000000000000033b       0x39 Middlewares/Third_Party/FreeRTOS/Source/CMSIS_RTOS/cmsis_os.o
 .ARM.attributes
                0x0000000000000374       0x39 Middlewares/Third_Party/FreeRTOS/Source/list.o
 .ARM.attributes
                0x00000000000003ad       0x39 Middlewares/Third_Party/FreeRTOS/Source/portable/GCC/ARM_CM4F/port.o
 .ARM.attributes
                0x00000000000003e6       0x39 Middlewares/Third_Party/FreeRTOS/Source/portable/MemMang/heap_4.o
 .ARM.attributes
                0x000000000000041f       0x39 Middlewares/Third_Party/FreeRTOS/Source/tasks.o
 .ARM.attributes
                0x0000000000000458       0x39 Src/adc.o
 .ARM.attributes
                0x0000000000000491       0x39 Src/eth.o
 .ARM.attributes
                0x00000000000004ca       0x39 Src/freertos.o
 .ARM.attributes
                0x0000000000000503       0x39 Src/gpio.o
 .ARM.attributes
                0x000000000000053c       0x39 Src/i2c.o
 .ARM.attributes
                0x0000000000000575       0x39 Src/main.o
 .ARM.attributes
                0x00000000000005ae       0x39 Src/malloc.o
 .ARM.attributes
                0x00000000000005e7       0x39 Src/stm32f4xx_hal_msp.o
 .ARM.attributes
                0x0000000000000620       0x39 Src/stm32f4xx_hal_timebase_tim.o
 .ARM.attributes
                0x0000000000000659       0x39 Src/stm32f4xx_it.o
 .ARM.attributes
                0x0000000000000692       0x39 Src/system_stm32f4xx.o
 .ARM.attributes
                0x00000000000006cb       0x39 Src/tiny_printf.o
 .ARM.attributes
                0x0000000000000704       0x39 Src/usart.o
 .ARM.attributes
                0x000000000000073d       0x39 Src/usb_otg.o
 .ARM.attributes
                0x0000000000000776       0x21 startup/startup_stm32f429xx.o
 .ARM.attributes
                0x0000000000000797       0x34 /opt/Atollic_TrueSTUDIO_for_STM32_x86_64_9.3.0/ARMTools/bin/../lib/gcc/arm-atollic-eabi/6.3.1/../../../../arm-atollic-eabi/lib/armv7e-m/fpu/libc_nano.a(lib_a-init.o)
 .ARM.attributes
                0x00000000000007cb       0x34 /opt/Atollic_TrueSTUDIO_for_STM32_x86_64_9.3.0/ARMTools/bin/../lib/gcc/arm-atollic-eabi/6.3.1/../../../../arm-atollic-eabi/lib/armv7e-m/fpu/libc_nano.a(lib_a-memset.o)
 .ARM.attributes
                0x00000000000007ff       0x1b /opt/Atollic_TrueSTUDIO_for_STM32_x86_64_9.3.0/ARMTools/bin/../lib/gcc/arm-atollic-eabi/6.3.1/../../../../arm-atollic-eabi/lib/armv7e-m/fpu/libc_nano.a(lib_a-strlen.o)
 .ARM.attributes
                0x000000000000081a       0x22 /opt/Atollic_TrueSTUDIO_for_STM32_x86_64_9.3.0/ARMTools/bin/../lib/gcc/arm-atollic-eabi/6.3.1/armv7e-m/fpu/libgcc.a(_aeabi_uldivmod.o)
 .ARM.attributes
                0x000000000000083c       0x34 /opt/Atollic_TrueSTUDIO_for_STM32_x86_64_9.3.0/ARMTools/bin/../lib/gcc/arm-atollic-eabi/6.3.1/armv7e-m/fpu/libgcc.a(_udivmoddi4.o)
 .ARM.attributes
                0x0000000000000870       0x22 /opt/Atollic_TrueSTUDIO_for_STM32_x86_64_9.3.0/ARMTools/bin/../lib/gcc/arm-atollic-eabi/6.3.1/armv7e-m/fpu/libgcc.a(_dvmd_tls.o)
 .ARM.attributes
                0x0000000000000892       0x22 /opt/Atollic_TrueSTUDIO_for_STM32_x86_64_9.3.0/ARMTools/bin/../lib/gcc/arm-atollic-eabi/6.3.1/armv7e-m/fpu/crtn.o
OUTPUT(Nicolas_RTC.elf elf32-littlearm)

.debug_info     0x0000000000000000    0x2446c
 .debug_info    0x0000000000000000      0xa63 Drivers/STM32F4xx_HAL_Driver/Src/stm32f4xx_hal.o
 .debug_info    0x0000000000000a63      0xdb1 Drivers/STM32F4xx_HAL_Driver/Src/stm32f4xx_hal_adc.o
 .debug_info    0x0000000000001814      0xf6f Drivers/STM32F4xx_HAL_Driver/Src/stm32f4xx_hal_cortex.o
 .debug_info    0x0000000000002783     0x19a0 Drivers/STM32F4xx_HAL_Driver/Src/stm32f4xx_hal_eth.o
 .debug_info    0x0000000000004123      0x78f Drivers/STM32F4xx_HAL_Driver/Src/stm32f4xx_hal_gpio.o
 .debug_info    0x00000000000048b2     0x335c Drivers/STM32F4xx_HAL_Driver/Src/stm32f4xx_hal_i2c.o
 .debug_info    0x0000000000007c0e      0x6cc Drivers/STM32F4xx_HAL_Driver/Src/stm32f4xx_hal_i2c_ex.o
 .debug_info    0x00000000000082da     0x1746 Drivers/STM32F4xx_HAL_Driver/Src/stm32f4xx_hal_pcd.o
 .debug_info    0x0000000000009a20      0xa71 Drivers/STM32F4xx_HAL_Driver/Src/stm32f4xx_hal_rcc.o
 .debug_info    0x000000000000a491     0x34cf Drivers/STM32F4xx_HAL_Driver/Src/stm32f4xx_hal_tim.o
 .debug_info    0x000000000000d960     0x12fe Drivers/STM32F4xx_HAL_Driver/Src/stm32f4xx_hal_tim_ex.o
 .debug_info    0x000000000000ec5e     0x16c9 Drivers/STM32F4xx_HAL_Driver/Src/stm32f4xx_hal_uart.o
 .debug_info    0x0000000000010327     0x1b55 Drivers/STM32F4xx_HAL_Driver/Src/stm32f4xx_ll_usb.o
 .debug_info    0x0000000000011e7c     0x293d Middlewares/Third_Party/FreeRTOS/Source/CMSIS_RTOS/cmsis_os.o
 .debug_info    0x00000000000147b9      0xac5 Middlewares/Third_Party/FreeRTOS/Source/list.o
 .debug_info    0x000000000001527e      0x572 Middlewares/Third_Party/FreeRTOS/Source/portable/GCC/ARM_CM4F/port.o
 .debug_info    0x00000000000157f0      0xca5 Middlewares/Third_Party/FreeRTOS/Source/portable/MemMang/heap_4.o
 .debug_info    0x0000000000016495     0x2e2d Middlewares/Third_Party/FreeRTOS/Source/tasks.o
 .debug_info    0x00000000000192c2      0xaf7 Src/adc.o
 .debug_info    0x0000000000019db9      0xda2 Src/eth.o
 .debug_info    0x000000000001ab5b     0x18c1 Src/freertos.o
 .debug_info    0x000000000001c41c      0x945 Src/gpio.o
 .debug_info    0x000000000001cd61      0xb13 Src/i2c.o
 .debug_info    0x000000000001d874     0x1fc2 Src/main.o
 .debug_info    0x000000000001f836      0x9c1 Src/malloc.o
 .debug_info    0x00000000000201f7      0x605 Src/stm32f4xx_hal_msp.o
 .debug_info    0x00000000000207fc      0xbf2 Src/stm32f4xx_hal_timebase_tim.o
 .debug_info    0x00000000000213ee      0x792 Src/stm32f4xx_it.o
 .debug_info    0x0000000000021b80      0x524 Src/system_stm32f4xx.o
 .debug_info    0x00000000000220a4      0xf15 Src/tiny_printf.o
 .debug_info    0x0000000000022fb9      0xa14 Src/usart.o
 .debug_info    0x00000000000239cd      0xa29 Src/usb_otg.o
 .debug_info    0x00000000000243f6       0x76 startup/startup_stm32f429xx.o

.debug_abbrev   0x0000000000000000     0x509e
 .debug_abbrev  0x0000000000000000      0x23d Drivers/STM32F4xx_HAL_Driver/Src/stm32f4xx_hal.o
 .debug_abbrev  0x000000000000023d      0x2bf Drivers/STM32F4xx_HAL_Driver/Src/stm32f4xx_hal_adc.o
 .debug_abbrev  0x00000000000004fc      0x314 Drivers/STM32F4xx_HAL_Driver/Src/stm32f4xx_hal_cortex.o
 .debug_abbrev  0x0000000000000810      0x357 Drivers/STM32F4xx_HAL_Driver/Src/stm32f4xx_hal_eth.o
 .debug_abbrev  0x0000000000000b67      0x1ef Drivers/STM32F4xx_HAL_Driver/Src/stm32f4xx_hal_gpio.o
 .debug_abbrev  0x0000000000000d56      0x399 Drivers/STM32F4xx_HAL_Driver/Src/stm32f4xx_hal_i2c.o
 .debug_abbrev  0x00000000000010ef      0x177 Drivers/STM32F4xx_HAL_Driver/Src/stm32f4xx_hal_i2c_ex.o
 .debug_abbrev  0x0000000000001266      0x350 Drivers/STM32F4xx_HAL_Driver/Src/stm32f4xx_hal_pcd.o
 .debug_abbrev  0x00000000000015b6      0x2cb Drivers/STM32F4xx_HAL_Driver/Src/stm32f4xx_hal_rcc.o
 .debug_abbrev  0x0000000000001881      0x324 Drivers/STM32F4xx_HAL_Driver/Src/stm32f4xx_hal_tim.o
 .debug_abbrev  0x0000000000001ba5      0x29c Drivers/STM32F4xx_HAL_Driver/Src/stm32f4xx_hal_tim_ex.o
 .debug_abbrev  0x0000000000001e41      0x2fb Drivers/STM32F4xx_HAL_Driver/Src/stm32f4xx_hal_uart.o
 .debug_abbrev  0x000000000000213c      0x33b Drivers/STM32F4xx_HAL_Driver/Src/stm32f4xx_ll_usb.o
 .debug_abbrev  0x0000000000002477      0x457 Middlewares/Third_Party/FreeRTOS/Source/CMSIS_RTOS/cmsis_os.o
 .debug_abbrev  0x00000000000028ce      0x1ea Middlewares/Third_Party/FreeRTOS/Source/list.o
 .debug_abbrev  0x0000000000002ab8      0x23a Middlewares/Third_Party/FreeRTOS/Source/portable/GCC/ARM_CM4F/port.o
 .debug_abbrev  0x0000000000002cf2      0x314 Middlewares/Third_Party/FreeRTOS/Source/portable/MemMang/heap_4.o
 .debug_abbrev  0x0000000000003006      0x42a Middlewares/Third_Party/FreeRTOS/Source/tasks.o
 .debug_abbrev  0x0000000000003430      0x1f9 Src/adc.o
 .debug_abbrev  0x0000000000003629      0x207 Src/eth.o
 .debug_abbrev  0x0000000000003830      0x253 Src/freertos.o
 .debug_abbrev  0x0000000000003a83      0x19e Src/gpio.o
 .debug_abbrev  0x0000000000003c21      0x207 Src/i2c.o
 .debug_abbrev  0x0000000000003e28      0x341 Src/main.o
 .debug_abbrev  0x0000000000004169      0x201 Src/malloc.o
 .debug_abbrev  0x000000000000436a      0x148 Src/stm32f4xx_hal_msp.o
 .debug_abbrev  0x00000000000044b2      0x1e7 Src/stm32f4xx_hal_timebase_tim.o
 .debug_abbrev  0x0000000000004699      0x1ed Src/stm32f4xx_it.o
 .debug_abbrev  0x0000000000004886      0x10e Src/system_stm32f4xx.o
 .debug_abbrev  0x0000000000004994      0x2f8 Src/tiny_printf.o
 .debug_abbrev  0x0000000000004c8c      0x1fc Src/usart.o
 .debug_abbrev  0x0000000000004e88      0x204 Src/usb_otg.o
 .debug_abbrev  0x000000000000508c       0x12 startup/startup_stm32f429xx.o

.debug_loc      0x0000000000000000     0xfda5
 .debug_loc     0x0000000000000000      0x11b Drivers/STM32F4xx_HAL_Driver/Src/stm32f4xx_hal.o
 .debug_loc     0x000000000000011b      0x7d3 Drivers/STM32F4xx_HAL_Driver/Src/stm32f4xx_hal_adc.o
 .debug_loc     0x00000000000008ee      0x4fb Drivers/STM32F4xx_HAL_Driver/Src/stm32f4xx_hal_cortex.o
 .debug_loc     0x0000000000000de9      0xc76 Drivers/STM32F4xx_HAL_Driver/Src/stm32f4xx_hal_eth.o
 .debug_loc     0x0000000000001a5f      0x36d Drivers/STM32F4xx_HAL_Driver/Src/stm32f4xx_hal_gpio.o
 .debug_loc     0x0000000000001dcc     0x2f30 Drivers/STM32F4xx_HAL_Driver/Src/stm32f4xx_hal_i2c.o
 .debug_loc     0x0000000000004cfc       0xef Drivers/STM32F4xx_HAL_Driver/Src/stm32f4xx_hal_i2c_ex.o
 .debug_loc     0x0000000000004deb      0xc30 Drivers/STM32F4xx_HAL_Driver/Src/stm32f4xx_hal_pcd.o
 .debug_loc     0x0000000000005a1b      0x336 Drivers/STM32F4xx_HAL_Driver/Src/stm32f4xx_hal_rcc.o
 .debug_loc     0x0000000000005d51     0x3009 Drivers/STM32F4xx_HAL_Driver/Src/stm32f4xx_hal_tim.o
 .debug_loc     0x0000000000008d5a      0xa7c Drivers/STM32F4xx_HAL_Driver/Src/stm32f4xx_hal_tim_ex.o
 .debug_loc     0x00000000000097d6     0x1335 Drivers/STM32F4xx_HAL_Driver/Src/stm32f4xx_hal_uart.o
 .debug_loc     0x000000000000ab0b     0x1b55 Drivers/STM32F4xx_HAL_Driver/Src/stm32f4xx_ll_usb.o
 .debug_loc     0x000000000000c660     0x101b Middlewares/Third_Party/FreeRTOS/Source/CMSIS_RTOS/cmsis_os.o
 .debug_loc     0x000000000000d67b       0x94 Middlewares/Third_Party/FreeRTOS/Source/list.o
 .debug_loc     0x000000000000d70f       0xcf Middlewares/Third_Party/FreeRTOS/Source/portable/GCC/ARM_CM4F/port.o
 .debug_loc     0x000000000000d7de      0x390 Middlewares/Third_Party/FreeRTOS/Source/portable/MemMang/heap_4.o
 .debug_loc     0x000000000000db6e     0x146e Middlewares/Third_Party/FreeRTOS/Source/tasks.o
 .debug_loc     0x000000000000efdc       0x58 Src/adc.o
 .debug_loc     0x000000000000f034       0x58 Src/eth.o
 .debug_loc     0x000000000000f08c      0x1d8 Src/freertos.o
 .debug_loc     0x000000000000f264       0x58 Src/i2c.o
 .debug_loc     0x000000000000f2bc       0x7f Src/main.o
 .debug_loc     0x000000000000f33b       0xad Src/malloc.o
 .debug_loc     0x000000000000f3e8       0xa5 Src/stm32f4xx_hal_timebase_tim.o
 .debug_loc     0x000000000000f48d      0x11c Src/system_stm32f4xx.o
 .debug_loc     0x000000000000f5a9      0x74c Src/tiny_printf.o
 .debug_loc     0x000000000000fcf5       0x58 Src/usart.o
 .debug_loc     0x000000000000fd4d       0x58 Src/usb_otg.o

.debug_aranges  0x0000000000000000     0x1448
 .debug_aranges
                0x0000000000000000       0xf8 Drivers/STM32F4xx_HAL_Driver/Src/stm32f4xx_hal.o
 .debug_aranges
                0x00000000000000f8       0xb8 Drivers/STM32F4xx_HAL_Driver/Src/stm32f4xx_hal_adc.o
 .debug_aranges
                0x00000000000001b0       0xa8 Drivers/STM32F4xx_HAL_Driver/Src/stm32f4xx_hal_cortex.o
 .debug_aranges
                0x0000000000000258       0xb0 Drivers/STM32F4xx_HAL_Driver/Src/stm32f4xx_hal_eth.o
 .debug_aranges
                0x0000000000000308       0x58 Drivers/STM32F4xx_HAL_Driver/Src/stm32f4xx_hal_gpio.o
 .debug_aranges
                0x0000000000000360      0x1b0 Drivers/STM32F4xx_HAL_Driver/Src/stm32f4xx_hal_i2c.o
 .debug_aranges
                0x0000000000000510       0x28 Drivers/STM32F4xx_HAL_Driver/Src/stm32f4xx_hal_i2c_ex.o
 .debug_aranges
                0x0000000000000538       0xc0 Drivers/STM32F4xx_HAL_Driver/Src/stm32f4xx_hal_pcd.o
 .debug_aranges
                0x00000000000005f8       0x88 Drivers/STM32F4xx_HAL_Driver/Src/stm32f4xx_hal_rcc.o
 .debug_aranges
                0x0000000000000680      0x278 Drivers/STM32F4xx_HAL_Driver/Src/stm32f4xx_hal_tim.o
 .debug_aranges
                0x00000000000008f8       0xf8 Drivers/STM32F4xx_HAL_Driver/Src/stm32f4xx_hal_tim_ex.o
 .debug_aranges
                0x00000000000009f0      0x170 Drivers/STM32F4xx_HAL_Driver/Src/stm32f4xx_hal_uart.o
 .debug_aranges
                0x0000000000000b60      0x198 Drivers/STM32F4xx_HAL_Driver/Src/stm32f4xx_ll_usb.o
 .debug_aranges
                0x0000000000000cf8      0x190 Middlewares/Third_Party/FreeRTOS/Source/CMSIS_RTOS/cmsis_os.o
 .debug_aranges
                0x0000000000000e88       0x40 Middlewares/Third_Party/FreeRTOS/Source/list.o
 .debug_aranges
                0x0000000000000ec8       0x80 Middlewares/Third_Party/FreeRTOS/Source/portable/GCC/ARM_CM4F/port.o
 .debug_aranges
                0x0000000000000f48       0x48 Middlewares/Third_Party/FreeRTOS/Source/portable/MemMang/heap_4.o
 .debug_aranges
                0x0000000000000f90      0x198 Middlewares/Third_Party/FreeRTOS/Source/tasks.o
 .debug_aranges
                0x0000000000001128       0x30 Src/adc.o
 .debug_aranges
                0x0000000000001158       0x30 Src/eth.o
 .debug_aranges
                0x0000000000001188       0x38 Src/freertos.o
 .debug_aranges
                0x00000000000011c0       0x20 Src/gpio.o
 .debug_aranges
                0x00000000000011e0       0x30 Src/i2c.o
 .debug_aranges
                0x0000000000001210       0x48 Src/main.o
 .debug_aranges
                0x0000000000001258       0x30 Src/malloc.o
 .debug_aranges
                0x0000000000001288       0x20 Src/stm32f4xx_hal_msp.o
 .debug_aranges
                0x00000000000012a8       0x30 Src/stm32f4xx_hal_timebase_tim.o
 .debug_aranges
                0x00000000000012d8       0x60 Src/stm32f4xx_it.o
 .debug_aranges
                0x0000000000001338       0x28 Src/system_stm32f4xx.o
 .debug_aranges
                0x0000000000001360       0x60 Src/tiny_printf.o
 .debug_aranges
                0x00000000000013c0       0x30 Src/usart.o
 .debug_aranges
                0x00000000000013f0       0x30 Src/usb_otg.o
 .debug_aranges
                0x0000000000001420       0x28 startup/startup_stm32f429xx.o

.debug_ranges   0x0000000000000000     0x1910
 .debug_ranges  0x0000000000000000       0xe8 Drivers/STM32F4xx_HAL_Driver/Src/stm32f4xx_hal.o
 .debug_ranges  0x00000000000000e8       0xc8 Drivers/STM32F4xx_HAL_Driver/Src/stm32f4xx_hal_adc.o
 .debug_ranges  0x00000000000001b0      0x128 Drivers/STM32F4xx_HAL_Driver/Src/stm32f4xx_hal_cortex.o
 .debug_ranges  0x00000000000002d8      0x108 Drivers/STM32F4xx_HAL_Driver/Src/stm32f4xx_hal_eth.o
 .debug_ranges  0x00000000000003e0       0x68 Drivers/STM32F4xx_HAL_Driver/Src/stm32f4xx_hal_gpio.o
 .debug_ranges  0x0000000000000448      0x3d0 Drivers/STM32F4xx_HAL_Driver/Src/stm32f4xx_hal_i2c.o
 .debug_ranges  0x0000000000000818       0x18 Drivers/STM32F4xx_HAL_Driver/Src/stm32f4xx_hal_i2c_ex.o
 .debug_ranges  0x0000000000000830       0xe0 Drivers/STM32F4xx_HAL_Driver/Src/stm32f4xx_hal_pcd.o
 .debug_ranges  0x0000000000000910       0xb0 Drivers/STM32F4xx_HAL_Driver/Src/stm32f4xx_hal_rcc.o
 .debug_ranges  0x00000000000009c0      0x340 Drivers/STM32F4xx_HAL_Driver/Src/stm32f4xx_hal_tim.o
 .debug_ranges  0x0000000000000d00       0xe8 Drivers/STM32F4xx_HAL_Driver/Src/stm32f4xx_hal_tim_ex.o
 .debug_ranges  0x0000000000000de8      0x178 Drivers/STM32F4xx_HAL_Driver/Src/stm32f4xx_hal_uart.o
 .debug_ranges  0x0000000000000f60      0x1a0 Drivers/STM32F4xx_HAL_Driver/Src/stm32f4xx_ll_usb.o
 .debug_ranges  0x0000000000001100      0x180 Middlewares/Third_Party/FreeRTOS/Source/CMSIS_RTOS/cmsis_os.o
 .debug_ranges  0x0000000000001280       0x30 Middlewares/Third_Party/FreeRTOS/Source/list.o
 .debug_ranges  0x00000000000012b0       0x70 Middlewares/Third_Party/FreeRTOS/Source/portable/GCC/ARM_CM4F/port.o
 .debug_ranges  0x0000000000001320       0x38 Middlewares/Third_Party/FreeRTOS/Source/portable/MemMang/heap_4.o
 .debug_ranges  0x0000000000001358      0x248 Middlewares/Third_Party/FreeRTOS/Source/tasks.o
 .debug_ranges  0x00000000000015a0       0x38 Src/adc.o
 .debug_ranges  0x00000000000015d8       0x50 Src/eth.o
 .debug_ranges  0x0000000000001628       0x28 Src/freertos.o
 .debug_ranges  0x0000000000001650       0x40 Src/gpio.o
 .debug_ranges  0x0000000000001690       0x38 Src/i2c.o
 .debug_ranges  0x00000000000016c8       0x60 Src/main.o
 .debug_ranges  0x0000000000001728       0x20 Src/malloc.o
 .debug_ranges  0x0000000000001748       0x28 Src/stm32f4xx_hal_msp.o
 .debug_ranges  0x0000000000001770       0x40 Src/stm32f4xx_hal_timebase_tim.o
 .debug_ranges  0x00000000000017b0       0x50 Src/stm32f4xx_it.o
 .debug_ranges  0x0000000000001800       0x18 Src/system_stm32f4xx.o
 .debug_ranges  0x0000000000001818       0x68 Src/tiny_printf.o
 .debug_ranges  0x0000000000001880       0x38 Src/usart.o
 .debug_ranges  0x00000000000018b8       0x38 Src/usb_otg.o
 .debug_ranges  0x00000000000018f0       0x20 startup/startup_stm32f429xx.o

.debug_line     0x0000000000000000     0xb953
 .debug_line    0x0000000000000000      0x427 Drivers/STM32F4xx_HAL_Driver/Src/stm32f4xx_hal.o
 .debug_line    0x0000000000000427      0x70f Drivers/STM32F4xx_HAL_Driver/Src/stm32f4xx_hal_adc.o
 .debug_line    0x0000000000000b36      0x440 Drivers/STM32F4xx_HAL_Driver/Src/stm32f4xx_hal_cortex.o
 .debug_line    0x0000000000000f76      0x8fe Drivers/STM32F4xx_HAL_Driver/Src/stm32f4xx_hal_eth.o
 .debug_line    0x0000000000001874      0x3e2 Drivers/STM32F4xx_HAL_Driver/Src/stm32f4xx_hal_gpio.o
 .debug_line    0x0000000000001c56     0x1bdb Drivers/STM32F4xx_HAL_Driver/Src/stm32f4xx_hal_i2c.o
 .debug_line    0x0000000000003831      0x247 Drivers/STM32F4xx_HAL_Driver/Src/stm32f4xx_hal_i2c_ex.o
 .debug_line    0x0000000000003a78      0x708 Drivers/STM32F4xx_HAL_Driver/Src/stm32f4xx_hal_pcd.o
 .debug_line    0x0000000000004180      0x4de Drivers/STM32F4xx_HAL_Driver/Src/stm32f4xx_hal_rcc.o
 .debug_line    0x000000000000465e     0x116d Drivers/STM32F4xx_HAL_Driver/Src/stm32f4xx_hal_tim.o
 .debug_line    0x00000000000057cb      0x667 Drivers/STM32F4xx_HAL_Driver/Src/stm32f4xx_hal_tim_ex.o
 .debug_line    0x0000000000005e32      0xb60 Drivers/STM32F4xx_HAL_Driver/Src/stm32f4xx_hal_uart.o
 .debug_line    0x0000000000006992      0x931 Drivers/STM32F4xx_HAL_Driver/Src/stm32f4xx_ll_usb.o
 .debug_line    0x00000000000072c3      0x8d7 Middlewares/Third_Party/FreeRTOS/Source/CMSIS_RTOS/cmsis_os.o
 .debug_line    0x0000000000007b9a      0x33b Middlewares/Third_Party/FreeRTOS/Source/list.o
 .debug_line    0x0000000000007ed5      0x355 Middlewares/Third_Party/FreeRTOS/Source/portable/GCC/ARM_CM4F/port.o
 .debug_line    0x000000000000822a      0x3e9 Middlewares/Third_Party/FreeRTOS/Source/portable/MemMang/heap_4.o
 .debug_line    0x0000000000008613      0xc4b Middlewares/Third_Party/FreeRTOS/Source/tasks.o
 .debug_line    0x000000000000925e      0x27d Src/adc.o
 .debug_line    0x00000000000094db      0x292 Src/eth.o
 .debug_line    0x000000000000976d      0x535 Src/freertos.o
 .debug_line    0x0000000000009ca2      0x22d Src/gpio.o
 .debug_line    0x0000000000009ecf      0x285 Src/i2c.o
 .debug_line    0x000000000000a154      0x426 Src/main.o
 .debug_line    0x000000000000a57a      0x279 Src/malloc.o
 .debug_line    0x000000000000a7f3      0x1ea Src/stm32f4xx_hal_msp.o
 .debug_line    0x000000000000a9dd      0x27a Src/stm32f4xx_hal_timebase_tim.o
 .debug_line    0x000000000000ac57      0x2aa Src/stm32f4xx_it.o
 .debug_line    0x000000000000af01      0x1c8 Src/system_stm32f4xx.o
 .debug_line    0x000000000000b0c9      0x318 Src/tiny_printf.o
 .debug_line    0x000000000000b3e1      0x26a Src/usart.o
 .debug_line    0x000000000000b64b      0x289 Src/usb_otg.o
 .debug_line    0x000000000000b8d4       0x7f startup/startup_stm32f429xx.o

.debug_str      0x0000000000000000     0x822f
 .debug_str     0x0000000000000000      0xbfc Drivers/STM32F4xx_HAL_Driver/Src/stm32f4xx_hal.o
                                        0xc65 (size before relaxing)
 .debug_str     0x0000000000000bfc      0x6b2 Drivers/STM32F4xx_HAL_Driver/Src/stm32f4xx_hal_adc.o
                                        0x9a7 (size before relaxing)
 .debug_str     0x00000000000012ae      0x493 Drivers/STM32F4xx_HAL_Driver/Src/stm32f4xx_hal_cortex.o
                                        0xce2 (size before relaxing)
 .debug_str     0x0000000000001741      0xb71 Drivers/STM32F4xx_HAL_Driver/Src/stm32f4xx_hal_eth.o
                                        0xf6d (size before relaxing)
 .debug_str     0x00000000000022b2      0x19a Drivers/STM32F4xx_HAL_Driver/Src/stm32f4xx_hal_gpio.o
                                        0x557 (size before relaxing)
 .debug_str     0x000000000000244c      0xb0a Drivers/STM32F4xx_HAL_Driver/Src/stm32f4xx_hal_i2c.o
                                       0x1056 (size before relaxing)
 .debug_str     0x0000000000002f56       0x76 Drivers/STM32F4xx_HAL_Driver/Src/stm32f4xx_hal_i2c_ex.o
                                        0x7cf (size before relaxing)
 .debug_str     0x0000000000002fcc      0xab9 Drivers/STM32F4xx_HAL_Driver/Src/stm32f4xx_hal_pcd.o
                                        0xd8a (size before relaxing)
 .debug_str     0x0000000000003a85      0x2b5 Drivers/STM32F4xx_HAL_Driver/Src/stm32f4xx_hal_rcc.o
                                        0x72a (size before relaxing)
 .debug_str     0x0000000000003d3a      0xfcd Drivers/STM32F4xx_HAL_Driver/Src/stm32f4xx_hal_tim.o
                                       0x1521 (size before relaxing)
 .debug_str     0x0000000000004d07      0x548 Drivers/STM32F4xx_HAL_Driver/Src/stm32f4xx_hal_tim_ex.o
                                        0xd39 (size before relaxing)
 .debug_str     0x000000000000524f      0x6bb Drivers/STM32F4xx_HAL_Driver/Src/stm32f4xx_hal_uart.o
                                        0xc6c (size before relaxing)
 .debug_str     0x000000000000590a      0x42f Drivers/STM32F4xx_HAL_Driver/Src/stm32f4xx_ll_usb.o
                                        0xca0 (size before relaxing)
 .debug_str     0x0000000000005d39     0x114b Middlewares/Third_Party/FreeRTOS/Source/CMSIS_RTOS/cmsis_os.o
                                       0x1448 (size before relaxing)
 .debug_str     0x0000000000006e84      0x143 Middlewares/Third_Party/FreeRTOS/Source/list.o
                                        0x751 (size before relaxing)
 .debug_str     0x0000000000006fc7      0x239 Middlewares/Third_Party/FreeRTOS/Source/portable/GCC/ARM_CM4F/port.o
                                        0x497 (size before relaxing)
 .debug_str     0x0000000000007200      0x1e8 Middlewares/Third_Party/FreeRTOS/Source/portable/MemMang/heap_4.o
                                        0x83a (size before relaxing)
 .debug_str     0x00000000000073e8      0x8f9 Middlewares/Third_Party/FreeRTOS/Source/tasks.o
                                       0x1425 (size before relaxing)
 .debug_str     0x0000000000007ce1       0x73 Src/adc.o
                                        0x89a (size before relaxing)
 .debug_str     0x0000000000007d54       0x23 Src/eth.o
                                        0x907 (size before relaxing)
 .debug_str     0x0000000000007d77      0x132 Src/freertos.o
                                       0x124a (size before relaxing)
 .debug_str     0x0000000000007ea9       0x1b Src/gpio.o
                                        0x9a5 (size before relaxing)
 .debug_str     0x0000000000007ec4       0x24 Src/i2c.o
                                        0x999 (size before relaxing)
 .debug_str     0x0000000000007ee8       0xcc Src/main.o
                                       0x17cc (size before relaxing)
 .debug_str     0x0000000000007fb4       0x29 Src/malloc.o
                                        0x633 (size before relaxing)
 .debug_str     0x0000000000007fdd       0x1b Src/stm32f4xx_hal_msp.o
                                        0x8da (size before relaxing)
 .debug_str     0x0000000000007ff8       0x50 Src/stm32f4xx_hal_timebase_tim.o
                                        0xe26 (size before relaxing)
 .debug_str     0x0000000000008048       0xcd Src/stm32f4xx_it.o
                                        0x76d (size before relaxing)
 .debug_str     0x0000000000008115       0x45 Src/system_stm32f4xx.o
                                        0x3bb (size before relaxing)
 .debug_str     0x000000000000815a       0xa0 Src/tiny_printf.o
                                        0x6a0 (size before relaxing)
 .debug_str     0x00000000000081fa       0x1a Src/usart.o
                                        0x884 (size before relaxing)
 .debug_str     0x0000000000008214       0x1b Src/usb_otg.o
                                        0x825 (size before relaxing)

.comment        0x0000000000000000       0x7c
 .comment       0x0000000000000000       0x7c Drivers/STM32F4xx_HAL_Driver/Src/stm32f4xx_hal.o
                                         0x7d (size before relaxing)
 .comment       0x000000000000007c       0x7d Drivers/STM32F4xx_HAL_Driver/Src/stm32f4xx_hal_adc.o
 .comment       0x000000000000007c       0x7d Drivers/STM32F4xx_HAL_Driver/Src/stm32f4xx_hal_cortex.o
 .comment       0x000000000000007c       0x7d Drivers/STM32F4xx_HAL_Driver/Src/stm32f4xx_hal_eth.o
 .comment       0x000000000000007c       0x7d Drivers/STM32F4xx_HAL_Driver/Src/stm32f4xx_hal_gpio.o
 .comment       0x000000000000007c       0x7d Drivers/STM32F4xx_HAL_Driver/Src/stm32f4xx_hal_i2c.o
 .comment       0x000000000000007c       0x7d Drivers/STM32F4xx_HAL_Driver/Src/stm32f4xx_hal_i2c_ex.o
 .comment       0x000000000000007c       0x7d Drivers/STM32F4xx_HAL_Driver/Src/stm32f4xx_hal_pcd.o
 .comment       0x000000000000007c       0x7d Drivers/STM32F4xx_HAL_Driver/Src/stm32f4xx_hal_rcc.o
 .comment       0x000000000000007c       0x7d Drivers/STM32F4xx_HAL_Driver/Src/stm32f4xx_hal_tim.o
 .comment       0x000000000000007c       0x7d Drivers/STM32F4xx_HAL_Driver/Src/stm32f4xx_hal_tim_ex.o
 .comment       0x000000000000007c       0x7d Drivers/STM32F4xx_HAL_Driver/Src/stm32f4xx_hal_uart.o
 .comment       0x000000000000007c       0x7d Drivers/STM32F4xx_HAL_Driver/Src/stm32f4xx_ll_usb.o
 .comment       0x000000000000007c       0x7d Middlewares/Third_Party/FreeRTOS/Source/CMSIS_RTOS/cmsis_os.o
 .comment       0x000000000000007c       0x7d Middlewares/Third_Party/FreeRTOS/Source/list.o
 .comment       0x000000000000007c       0x7d Middlewares/Third_Party/FreeRTOS/Source/portable/GCC/ARM_CM4F/port.o
 .comment       0x000000000000007c       0x7d Middlewares/Third_Party/FreeRTOS/Source/portable/MemMang/heap_4.o
 .comment       0x000000000000007c       0x7d Middlewares/Third_Party/FreeRTOS/Source/tasks.o
 .comment       0x000000000000007c       0x7d Src/adc.o
 .comment       0x000000000000007c       0x7d Src/eth.o
 .comment       0x000000000000007c       0x7d Src/freertos.o
 .comment       0x000000000000007c       0x7d Src/gpio.o
 .comment       0x000000000000007c       0x7d Src/i2c.o
 .comment       0x000000000000007c       0x7d Src/main.o
 .comment       0x000000000000007c       0x7d Src/malloc.o
 .comment       0x000000000000007c       0x7d Src/stm32f4xx_hal_msp.o
 .comment       0x000000000000007c       0x7d Src/stm32f4xx_hal_timebase_tim.o
 .comment       0x000000000000007c       0x7d Src/stm32f4xx_it.o
 .comment       0x000000000000007c       0x7d Src/system_stm32f4xx.o
 .comment       0x000000000000007c       0x7d Src/tiny_printf.o
 .comment       0x000000000000007c       0x7d Src/usart.o
 .comment       0x000000000000007c       0x7d Src/usb_otg.o

.debug_frame    0x0000000000000000     0x3d24
 .debug_frame   0x0000000000000000      0x210 Drivers/STM32F4xx_HAL_Driver/Src/stm32f4xx_hal.o
 .debug_frame   0x0000000000000210      0x248 Drivers/STM32F4xx_HAL_Driver/Src/stm32f4xx_hal_adc.o
 .debug_frame   0x0000000000000458      0x158 Drivers/STM32F4xx_HAL_Driver/Src/stm32f4xx_hal_cortex.o
 .debug_frame   0x00000000000005b0      0x268 Drivers/STM32F4xx_HAL_Driver/Src/stm32f4xx_hal_eth.o
 .debug_frame   0x0000000000000818       0xd8 Drivers/STM32F4xx_HAL_Driver/Src/stm32f4xx_hal_gpio.o
 .debug_frame   0x00000000000008f0      0x704 Drivers/STM32F4xx_HAL_Driver/Src/stm32f4xx_hal_i2c.o
 .debug_frame   0x0000000000000ff4       0x44 Drivers/STM32F4xx_HAL_Driver/Src/stm32f4xx_hal_i2c_ex.o
 .debug_frame   0x0000000000001038      0x2c4 Drivers/STM32F4xx_HAL_Driver/Src/stm32f4xx_hal_pcd.o
 .debug_frame   0x00000000000012fc      0x13c Drivers/STM32F4xx_HAL_Driver/Src/stm32f4xx_hal_rcc.o
 .debug_frame   0x0000000000001438      0x928 Drivers/STM32F4xx_HAL_Driver/Src/stm32f4xx_hal_tim.o
 .debug_frame   0x0000000000001d60      0x360 Drivers/STM32F4xx_HAL_Driver/Src/stm32f4xx_hal_tim_ex.o
 .debug_frame   0x00000000000020c0      0x4a0 Drivers/STM32F4xx_HAL_Driver/Src/stm32f4xx_hal_uart.o
 .debug_frame   0x0000000000002560      0x45c Drivers/STM32F4xx_HAL_Driver/Src/stm32f4xx_ll_usb.o
 .debug_frame   0x00000000000029bc      0x4f4 Middlewares/Third_Party/FreeRTOS/Source/CMSIS_RTOS/cmsis_os.o
 .debug_frame   0x0000000000002eb0       0x6c Middlewares/Third_Party/FreeRTOS/Source/list.o
 .debug_frame   0x0000000000002f1c       0xfc Middlewares/Third_Party/FreeRTOS/Source/portable/GCC/ARM_CM4F/port.o
 .debug_frame   0x0000000000003018       0x98 Middlewares/Third_Party/FreeRTOS/Source/portable/MemMang/heap_4.o
 .debug_frame   0x00000000000030b0      0x54c Middlewares/Third_Party/FreeRTOS/Source/tasks.o
 .debug_frame   0x00000000000035fc       0x60 Src/adc.o
 .debug_frame   0x000000000000365c       0x6c Src/eth.o
 .debug_frame   0x00000000000036c8       0x88 Src/freertos.o
 .debug_frame   0x0000000000003750       0x38 Src/gpio.o
 .debug_frame   0x0000000000003788       0x60 Src/i2c.o
 .debug_frame   0x00000000000037e8       0x90 Src/main.o
 .debug_frame   0x0000000000003878       0x4c Src/malloc.o
 .debug_frame   0x00000000000038c4       0x28 Src/stm32f4xx_hal_msp.o
 .debug_frame   0x00000000000038ec       0x54 Src/stm32f4xx_hal_timebase_tim.o
 .debug_frame   0x0000000000003940       0xbc Src/stm32f4xx_it.o
 .debug_frame   0x00000000000039fc       0x38 Src/system_stm32f4xx.o
 .debug_frame   0x0000000000003a34      0x184 Src/tiny_printf.o
 .debug_frame   0x0000000000003bb8       0x60 Src/usart.o
 .debug_frame   0x0000000000003c18       0x60 Src/usb_otg.o
 .debug_frame   0x0000000000003c78       0x2c /opt/Atollic_TrueSTUDIO_for_STM32_x86_64_9.3.0/ARMTools/bin/../lib/gcc/arm-atollic-eabi/6.3.1/../../../../arm-atollic-eabi/lib/armv7e-m/fpu/libc_nano.a(lib_a-init.o)
 .debug_frame   0x0000000000003ca4       0x20 /opt/Atollic_TrueSTUDIO_for_STM32_x86_64_9.3.0/ARMTools/bin/../lib/gcc/arm-atollic-eabi/6.3.1/../../../../arm-atollic-eabi/lib/armv7e-m/fpu/libc_nano.a(lib_a-memset.o)
 .debug_frame   0x0000000000003cc4       0x2c /opt/Atollic_TrueSTUDIO_for_STM32_x86_64_9.3.0/ARMTools/bin/../lib/gcc/arm-atollic-eabi/6.3.1/armv7e-m/fpu/libgcc.a(_aeabi_uldivmod.o)
 .debug_frame   0x0000000000003cf0       0x34 /opt/Atollic_TrueSTUDIO_for_STM32_x86_64_9.3.0/ARMTools/bin/../lib/gcc/arm-atollic-eabi/6.3.1/armv7e-m/fpu/libgcc.a(_udivmoddi4.o)
